Archive member included to satisfy reference by file (symbol)

c:/st/stm32cubeide_1.4.0/stm32cubeide/plugins/com.st.stm32cube.ide.mcu.externaltools.gnu-tools-for-stm32.7-2018-q2-update.win32_1.4.0.202007081208/tools/bin/../lib/gcc/arm-none-eabi/7.3.1/../../../../arm-none-eabi/lib/thumb/v7-m\libc_nano.a(lib_a-errno.o)
                              Core/Src/syscalls.o (__errno)
c:/st/stm32cubeide_1.4.0/stm32cubeide/plugins/com.st.stm32cube.ide.mcu.externaltools.gnu-tools-for-stm32.7-2018-q2-update.win32_1.4.0.202007081208/tools/bin/../lib/gcc/arm-none-eabi/7.3.1/../../../../arm-none-eabi/lib/thumb/v7-m\libc_nano.a(lib_a-exit.o)
                              c:/st/stm32cubeide_1.4.0/stm32cubeide/plugins/com.st.stm32cube.ide.mcu.externaltools.gnu-tools-for-stm32.7-2018-q2-update.win32_1.4.0.202007081208/tools/bin/../lib/gcc/arm-none-eabi/7.3.1/../../../../arm-none-eabi/lib/thumb/v7-m/crt0.o (exit)
c:/st/stm32cubeide_1.4.0/stm32cubeide/plugins/com.st.stm32cube.ide.mcu.externaltools.gnu-tools-for-stm32.7-2018-q2-update.win32_1.4.0.202007081208/tools/bin/../lib/gcc/arm-none-eabi/7.3.1/../../../../arm-none-eabi/lib/thumb/v7-m\libc_nano.a(lib_a-impure.o)
                              c:/st/stm32cubeide_1.4.0/stm32cubeide/plugins/com.st.stm32cube.ide.mcu.externaltools.gnu-tools-for-stm32.7-2018-q2-update.win32_1.4.0.202007081208/tools/bin/../lib/gcc/arm-none-eabi/7.3.1/../../../../arm-none-eabi/lib/thumb/v7-m\libc_nano.a(lib_a-exit.o) (_global_impure_ptr)
c:/st/stm32cubeide_1.4.0/stm32cubeide/plugins/com.st.stm32cube.ide.mcu.externaltools.gnu-tools-for-stm32.7-2018-q2-update.win32_1.4.0.202007081208/tools/bin/../lib/gcc/arm-none-eabi/7.3.1/../../../../arm-none-eabi/lib/thumb/v7-m\libc_nano.a(lib_a-init.o)
                              c:/st/stm32cubeide_1.4.0/stm32cubeide/plugins/com.st.stm32cube.ide.mcu.externaltools.gnu-tools-for-stm32.7-2018-q2-update.win32_1.4.0.202007081208/tools/bin/../lib/gcc/arm-none-eabi/7.3.1/../../../../arm-none-eabi/lib/thumb/v7-m/crt0.o (__libc_init_array)
c:/st/stm32cubeide_1.4.0/stm32cubeide/plugins/com.st.stm32cube.ide.mcu.externaltools.gnu-tools-for-stm32.7-2018-q2-update.win32_1.4.0.202007081208/tools/bin/../lib/gcc/arm-none-eabi/7.3.1/../../../../arm-none-eabi/lib/thumb/v7-m\libc_nano.a(lib_a-memset.o)
                              c:/st/stm32cubeide_1.4.0/stm32cubeide/plugins/com.st.stm32cube.ide.mcu.externaltools.gnu-tools-for-stm32.7-2018-q2-update.win32_1.4.0.202007081208/tools/bin/../lib/gcc/arm-none-eabi/7.3.1/../../../../arm-none-eabi/lib/thumb/v7-m/crt0.o (memset)
c:/st/stm32cubeide_1.4.0/stm32cubeide/plugins/com.st.stm32cube.ide.mcu.externaltools.gnu-tools-for-stm32.7-2018-q2-update.win32_1.4.0.202007081208/tools/bin/../lib/gcc/arm-none-eabi/7.3.1/../../../../arm-none-eabi/lib/thumb/v7-m\libm.a(lib_a-w_pow.o)
                              Core/Src/MS5611.o (pow)
c:/st/stm32cubeide_1.4.0/stm32cubeide/plugins/com.st.stm32cube.ide.mcu.externaltools.gnu-tools-for-stm32.7-2018-q2-update.win32_1.4.0.202007081208/tools/bin/../lib/gcc/arm-none-eabi/7.3.1/../../../../arm-none-eabi/lib/thumb/v7-m\libm.a(lib_a-e_pow.o)
                              c:/st/stm32cubeide_1.4.0/stm32cubeide/plugins/com.st.stm32cube.ide.mcu.externaltools.gnu-tools-for-stm32.7-2018-q2-update.win32_1.4.0.202007081208/tools/bin/../lib/gcc/arm-none-eabi/7.3.1/../../../../arm-none-eabi/lib/thumb/v7-m\libm.a(lib_a-w_pow.o) (__ieee754_pow)
c:/st/stm32cubeide_1.4.0/stm32cubeide/plugins/com.st.stm32cube.ide.mcu.externaltools.gnu-tools-for-stm32.7-2018-q2-update.win32_1.4.0.202007081208/tools/bin/../lib/gcc/arm-none-eabi/7.3.1/../../../../arm-none-eabi/lib/thumb/v7-m\libm.a(lib_a-e_sqrt.o)
                              c:/st/stm32cubeide_1.4.0/stm32cubeide/plugins/com.st.stm32cube.ide.mcu.externaltools.gnu-tools-for-stm32.7-2018-q2-update.win32_1.4.0.202007081208/tools/bin/../lib/gcc/arm-none-eabi/7.3.1/../../../../arm-none-eabi/lib/thumb/v7-m\libm.a(lib_a-e_pow.o) (__ieee754_sqrt)
c:/st/stm32cubeide_1.4.0/stm32cubeide/plugins/com.st.stm32cube.ide.mcu.externaltools.gnu-tools-for-stm32.7-2018-q2-update.win32_1.4.0.202007081208/tools/bin/../lib/gcc/arm-none-eabi/7.3.1/../../../../arm-none-eabi/lib/thumb/v7-m\libm.a(lib_a-s_fabs.o)
                              c:/st/stm32cubeide_1.4.0/stm32cubeide/plugins/com.st.stm32cube.ide.mcu.externaltools.gnu-tools-for-stm32.7-2018-q2-update.win32_1.4.0.202007081208/tools/bin/../lib/gcc/arm-none-eabi/7.3.1/../../../../arm-none-eabi/lib/thumb/v7-m\libm.a(lib_a-e_pow.o) (fabs)
c:/st/stm32cubeide_1.4.0/stm32cubeide/plugins/com.st.stm32cube.ide.mcu.externaltools.gnu-tools-for-stm32.7-2018-q2-update.win32_1.4.0.202007081208/tools/bin/../lib/gcc/arm-none-eabi/7.3.1/../../../../arm-none-eabi/lib/thumb/v7-m\libm.a(lib_a-s_finite.o)
[...]
Memory Configuration

Name             Origin             Length             Attributes
RAM              0x0000000020000000 0x0000000000004000 xrw
FLASH            0x0000000008000000 0x0000000000020000 xr
*default*        0x0000000000000000 0xffffffffffffffff

Linker script and memory map

LOAD c:/st/stm32cubeide_1.4.0/stm32cubeide/plugins/com.st.stm32cube.ide.mcu.externaltools.gnu-tools-for-stm32.7-2018-q2-update.win32_1.4.0.202007081208/tools/bin/../lib/gcc/arm-none-eabi/7.3.1/thumb/v7-m/crti.o
LOAD c:/st/stm32cubeide_1.4.0/stm32cubeide/plugins/com.st.stm32cube.ide.mcu.externaltools.gnu-tools-for-stm32.7-2018-q2-update.win32_1.4.0.202007081208/tools/bin/../lib/gcc/arm-none-eabi/7.3.1/thumb/v7-m/crtbegin.o
LOAD c:/st/stm32cubeide_1.4.0/stm32cubeide/plugins/com.st.stm32cube.ide.mcu.externaltools.gnu-tools-for-stm32.7-2018-q2-update.win32_1.4.0.202007081208/tools/bin/../lib/gcc/arm-none-eabi/7.3.1/../../../../arm-none-eabi/lib/thumb/v7-m/crt0.o
LOAD Core/Src/ADXL345.o
LOAD Core/Src/MS5611.o
LOAD Core/Src/main.o
LOAD Core/Src/stm32f1xx_hal_msp.o
LOAD Core/Src/stm32f1xx_it.o
LOAD Core/Src/syscalls.o
LOAD Core/Src/sysmem.o
LOAD Core/Src/system_stm32f1xx.o
LOAD Core/Startup/startup_stm32f102cbtx.o
LOAD Drivers/STM32F1xx_HAL_Driver/Src/stm32f1xx_hal.o
LOAD Drivers/STM32F1xx_HAL_Driver/Src/stm32f1xx_hal_adc.o
LOAD Drivers/STM32F1xx_HAL_Driver/Src/stm32f1xx_hal_adc_ex.o
LOAD Drivers/STM32F1xx_HAL_Driver/Src/stm32f1xx_hal_cortex.o
LOAD Drivers/STM32F1xx_HAL_Driver/Src/stm32f1xx_hal_dma.o
LOAD Drivers/STM32F1xx_HAL_Driver/Src/stm32f1xx_hal_exti.o
LOAD Drivers/STM32F1xx_HAL_Driver/Src/stm32f1xx_hal_flash.o
LOAD Drivers/STM32F1xx_HAL_Driver/Src/stm32f1xx_hal_flash_ex.o
LOAD Drivers/STM32F1xx_HAL_Driver/Src/stm32f1xx_hal_gpio.o
LOAD Drivers/STM32F1xx_HAL_Driver/Src/stm32f1xx_hal_gpio_ex.o
LOAD Drivers/STM32F1xx_HAL_Driver/Src/stm32f1xx_hal_i2c.o
LOAD Drivers/STM32F1xx_HAL_Driver/Src/stm32f1xx_hal_pwr.o
LOAD Drivers/STM32F1xx_HAL_Driver/Src/stm32f1xx_hal_rcc.o
LOAD Drivers/STM32F1xx_HAL_Driver/Src/stm32f1xx_hal_rcc_ex.o
LOAD Drivers/STM32F1xx_HAL_Driver/Src/stm32f1xx_hal_tim.o
LOAD Drivers/STM32F1xx_HAL_Driver/Src/stm32f1xx_hal_tim_ex.o
START GROUP
LOAD c:/st/stm32cubeide_1.4.0/stm32cubeide/plugins/com.st.stm32cube.ide.mcu.externaltools.gnu-tools-for-stm32.7-2018-q2-update.win32_1.4.0.202007081208/tools/bin/../lib/gcc/arm-none-eabi/7.3.1/../../../../arm-none-eabi/lib/thumb/v7-m\libc_nano.a
LOAD c:/st/stm32cubeide_1.4.0/stm32cubeide/plugins/com.st.stm32cube.ide.mcu.externaltools.gnu-tools-for-stm32.7-2018-q2-update.win32_1.4.0.202007081208/tools/bin/../lib/gcc/arm-none-eabi/7.3.1/../../../../arm-none-eabi/lib/thumb/v7-m\libm.a
END GROUP
START GROUP
LOAD c:/st/stm32cubeide_1.4.0/stm32cubeide/plugins/com.st.stm32cube.ide.mcu.externaltools.gnu-tools-for-stm32.7-2018-q2-update.win32_1.4.0.202007081208/tools/bin/../lib/gcc/arm-none-eabi/7.3.1/thumb/v7-m\libgcc.a
LOAD c:/st/stm32cubeide_1.4.0/stm32cubeide/plugins/com.st.stm32cube.ide.mcu.externaltools.gnu-tools-for-stm32.7-2018-q2-update.win32_1.4.0.202007081208/tools/bin/../lib/gcc/arm-none-eabi/7.3.1/../../../../arm-none-eabi/lib/thumb/v7-m\libc_nano.a
END GROUP
START GROUP
LOAD c:/st/stm32cubeide_1.4.0/stm32cubeide/plugins/com.st.stm32cube.ide.mcu.externaltools.gnu-tools-for-stm32.7-2018-q2-update.win32_1.4.0.202007081208/tools/bin/../lib/gcc/arm-none-eabi/7.3.1/thumb/v7-m\libgcc.a
LOAD c:/st/stm32cubeide_1.4.0/stm32cubeide/plugins/com.st.stm32cube.ide.mcu.externaltools.gnu-tools-for-stm32.7-2018-q2-update.win32_1.4.0.202007081208/tools/bin/../lib/gcc/arm-none-eabi/7.3.1/../../../../arm-none-eabi/lib/thumb/v7-m\libc_nano.a
LOAD c:/st/stm32cubeide_1.4.0/stm32cubeide/plugins/com.st.stm32cube.ide.mcu.externaltools.gnu-tools-for-stm32.7-2018-q2-update.win32_1.4.0.202007081208/tools/bin/../lib/gcc/arm-none-eabi/7.3.1/../../../../arm-none-eabi/lib/thumb/v7-m\libnosys.a
END GROUP
START GROUP
LOAD c:/st/stm32cubeide_1.4.0/stm32cubeide/plugins/com.st.stm32cube.ide.mcu.externaltools.gnu-tools-for-stm32.7-2018-q2-update.win32_1.4.0.202007081208/tools/bin/../lib/gcc/arm-none-eabi/7.3.1/thumb/v7-m\libgcc.a
LOAD c:/st/stm32cubeide_1.4.0/stm32cubeide/plugins/com.st.stm32cube.ide.mcu.externaltools.gnu-tools-for-stm32.7-2018-q2-update.win32_1.4.0.202007081208/tools/bin/../lib/gcc/arm-none-eabi/7.3.1/../../../../arm-none-eabi/lib/thumb/v7-m\libc_nano.a
LOAD c:/st/stm32cubeide_1.4.0/stm32cubeide/plugins/com.st.stm32cube.ide.mcu.externaltools.gnu-tools-for-stm32.7-2018-q2-update.win32_1.4.0.202007081208/tools/bin/../lib/gcc/arm-none-eabi/7.3.1/../../../../arm-none-eabi/lib/thumb/v7-m\libnosys.a
END GROUP
LOAD c:/st/stm32cubeide_1.4.0/stm32cubeide/plugins/com.st.stm32cube.ide.mcu.externaltools.gnu-tools-for-stm32.7-2018-q2-update.win32_1.4.0.202007081208/tools/bin/../lib/gcc/arm-none-eabi/7.3.1/thumb/v7-m/crtend.o
LOAD c:/st/stm32cubeide_1.4.0/stm32cubeide/plugins/com.st.stm32cube.ide.mcu.externaltools.gnu-tools-for-stm32.7-2018-q2-update.win32_1.4.0.202007081208/tools/bin/../lib/gcc/arm-none-eabi/7.3.1/thumb/v7-m/crtn.o
                0x0000000020004000                _estack = (ORIGIN (RAM) + LENGTH (RAM))
                0x0000000000000200                _Min_Heap_Size = 0x200
                0x0000000000000400                _Min_Stack_Size = 0x400

.isr_vector     0x0000000008000000      0x10c
                0x0000000008000000                . = ALIGN (0x4)
 *(.isr_vector)
 .isr_vector    0x0000000008000000      0x10c Core/Startup/startup_stm32f102cbtx.o
                0x0000000008000000                g_pfnVectors
                0x000000000800010c                . = ALIGN (0x4)

.text           0x0000000008000110     0x7248
                0x0000000008000110                . = ALIGN (0x4)
 *(.text)
 .text          0x0000000008000110       0x40 c:/st/stm32cubeide_1.4.0/stm32cubeide/plugins/com.st.stm32cube.ide.mcu.externaltools.gnu-tools-for-stm32.7-2018-q2-update.win32_1.4.0.202007081208/tools/bin/../lib/gcc/arm-none-eabi/7.3.1/thumb/v7-m/crtbegin.o
 .text          0x0000000008000150      0x378 c:/st/stm32cubeide_1.4.0/stm32cubeide/plugins/com.st.stm32cube.ide.mcu.externaltools.gnu-tools-for-stm32.7-2018-q2-update.win32_1.4.0.202007081208/tools/bin/../lib/gcc/arm-none-eabi/7.3.1/thumb/v7-m\libgcc.a(_arm_addsubdf3.o)
                0x0000000008000150                __aeabi_drsub
                0x0000000008000158                __aeabi_dsub
                0x0000000008000158                __subdf3
                0x000000000800015c                __aeabi_dadd
                0x000000000800015c                __adddf3
                0x00000000080003d4                __floatunsidf
                0x00000000080003d4                __aeabi_ui2d
                0x00000000080003f4                __floatsidf
                0x00000000080003f4                __aeabi_i2d
                0x0000000008000418                __aeabi_f2d
                0x0000000008000418                __extendsfdf2
                0x000000000800045c                __floatundidf
                0x000000000800045c                __aeabi_ul2d
                0x000000000800046c                __floatdidf
                0x000000000800046c                __aeabi_l2d
 .text          0x00000000080004c8      0x424 c:/st/stm32cubeide_1.4.0/stm32cubeide/plugins/com.st.stm32cube.ide.mcu.externaltools.gnu-tools-for-stm32.7-2018-q2-update.win32_1.4.0.202007081208/tools/bin/../lib/gcc/arm-none-eabi/7.3.1/thumb/v7-m\libgcc.a(_arm_muldivdf3.o)
                0x00000000080004c8                __aeabi_dmul
                0x00000000080004c8                __muldf3
                0x000000000800071c                __divdf3
                0x000000000800071c                __aeabi_ddiv
 .text          0x00000000080008ec      0x110 c:/st/stm32cubeide_1.4.0/stm32cubeide/plugins/com.st.stm32cube.ide.mcu.externaltools.gnu-tools-for-stm32.7-2018-q2-update.win32_1.4.0.202007081208/tools/bin/../lib/gcc/arm-none-eabi/7.3.1/thumb/v7-m\libgcc.a(_arm_cmpdf2.o)
                0x00000000080008ec                __gtdf2
                0x00000000080008ec                __gedf2
                0x00000000080008f4                __ltdf2
                0x00000000080008f4                __ledf2
                0x00000000080008fc                __nedf2
                0x00000000080008fc                __eqdf2
                0x00000000080008fc                __cmpdf2
                0x0000000008000978                __aeabi_cdrcmple
                0x0000000008000988                __aeabi_cdcmpeq
                0x0000000008000988                __aeabi_cdcmple
                0x0000000008000998                __aeabi_dcmpeq
                0x00000000080009ac                __aeabi_dcmplt
                0x00000000080009c0                __aeabi_dcmple
                0x00000000080009d4                __aeabi_dcmpge
                0x00000000080009e8                __aeabi_dcmpgt
 .text          0x00000000080009fc       0x2c c:/st/stm32cubeide_1.4.0/stm32cubeide/plugins/com.st.stm32cube.ide.mcu.externaltools.gnu-tools-for-stm32.7-2018-q2-update.win32_1.4.0.202007081208/tools/bin/../lib/gcc/arm-none-eabi/7.3.1/thumb/v7-m\libgcc.a(_arm_unorddf2.o)
                0x00000000080009fc                __unorddf2
                0x00000000080009fc                __aeabi_dcmpun
 .text          0x0000000008000a28       0x50 c:/st/stm32cubeide_1.4.0/stm32cubeide/plugins/com.st.stm32cube.ide.mcu.externaltools.gnu-tools-for-stm32.7-2018-q2-update.win32_1.4.0.202007081208/tools/bin/../lib/gcc/arm-none-eabi/7.3.1/thumb/v7-m\libgcc.a(_arm_fixdfsi.o)
                0x0000000008000a28                __aeabi_d2iz
                0x0000000008000a28                __fixdfsi
 .text          0x0000000008000a78       0xa0 c:/st/stm32cubeide_1.4.0/stm32cubeide/plugins/com.st.stm32cube.ide.mcu.externaltools.gnu-tools-for-stm32.7-2018-q2-update.win32_1.4.0.202007081208/tools/bin/../lib/gcc/arm-none-eabi/7.3.1/thumb/v7-m\libgcc.a(_arm_truncdfsf2.o)
                0x0000000008000a78                __truncdfsf2
                0x0000000008000a78                __aeabi_d2f
 .text          0x0000000008000b18      0x21c c:/st/stm32cubeide_1.4.0/stm32cubeide/plugins/com.st.stm32cube.ide.mcu.externaltools.gnu-tools-for-stm32.7-2018-q2-update.win32_1.4.0.202007081208/tools/bin/../lib/gcc/arm-none-eabi/7.3.1/thumb/v7-m\libgcc.a(_arm_addsubsf3.o)
                0x0000000008000b18                __aeabi_frsub
                0x0000000008000b20                __subsf3
                0x0000000008000b20                __aeabi_fsub
                0x0000000008000b24                __aeabi_fadd
                0x0000000008000b24                __addsf3
                0x0000000008000c84                __aeabi_ui2f
                0x0000000008000c84                __floatunsisf
                0x0000000008000c8c                __aeabi_i2f
                0x0000000008000c8c                __floatsisf
                0x0000000008000ca8                __aeabi_ul2f
                0x0000000008000ca8                __floatundisf
                0x0000000008000cb8                __aeabi_l2f
                0x0000000008000cb8                __floatdisf
 .text          0x0000000008000d34      0x2a0 c:/st/stm32cubeide_1.4.0/stm32cubeide/plugins/com.st.stm32cube.ide.mcu.externaltools.gnu-tools-for-stm32.7-2018-q2-update.win32_1.4.0.202007081208/tools/bin/../lib/gcc/arm-none-eabi/7.3.1/thumb/v7-m\libgcc.a(_arm_muldivsf3.o)
                0x0000000008000d34                __mulsf3
                0x0000000008000d34                __aeabi_fmul
                0x0000000008000e9c                __aeabi_fdiv
                0x0000000008000e9c                __divsf3
 .text          0x0000000008000fd4       0xec c:/st/stm32cubeide_1.4.0/stm32cubeide/plugins/com.st.stm32cube.ide.mcu.externaltools.gnu-tools-for-stm32.7-2018-q2-update.win32_1.4.0.202007081208/tools/bin/../lib/gcc/arm-none-eabi/7.3.1/thumb/v7-m\libgcc.a(_arm_cmpsf2.o)
                0x0000000008000fd4                __gesf2
                0x0000000008000fd4                __gtsf2
                0x0000000008000fdc                __lesf2
                0x0000000008000fdc                __ltsf2
                0x0000000008000fe4                __nesf2
                0x0000000008000fe4                __eqsf2
                0x0000000008000fe4                __cmpsf2
                0x0000000008001044                __aeabi_cfrcmple
                0x000000000800104c                __aeabi_cfcmpeq
                0x000000000800104c                __aeabi_cfcmple
                0x000000000800105c                __aeabi_fcmpeq
                0x0000000008001070                __aeabi_fcmplt
                0x0000000008001084                __aeabi_fcmple
                0x0000000008001098                __aeabi_fcmpge
                0x00000000080010ac                __aeabi_fcmpgt
 .text          0x00000000080010c0       0x28 c:/st/stm32cubeide_1.4.0/stm32cubeide/plugins/com.st.stm32cube.ide.mcu.externaltools.gnu-tools-for-stm32.7-2018-q2-update.win32_1.4.0.202007081208/tools/bin/../lib/gcc/arm-none-eabi/7.3.1/thumb/v7-m\libgcc.a(_fixsfdi.o)
                0x00000000080010c0                __fixsfdi
                0x00000000080010c0                __aeabi_f2lz
 .text          0x00000000080010e8       0x48 c:/st/stm32cubeide_1.4.0/stm32cubeide/plugins/com.st.stm32cube.ide.mcu.externaltools.gnu-tools-for-stm32.7-2018-q2-update.win32_1.4.0.202007081208/tools/bin/../lib/gcc/arm-none-eabi/7.3.1/thumb/v7-m\libgcc.a(_fixunssfdi.o)
                0x00000000080010e8                __fixunssfdi
                0x00000000080010e8                __aeabi_f2ulz
 .text          0x0000000008001130       0x40 c:/st/stm32cubeide_1.4.0/stm32cubeide/plugins/com.st.stm32cube.ide.mcu.externaltools.gnu-tools-for-stm32.7-2018-q2-update.win32_1.4.0.202007081208/tools/bin/../lib/gcc/arm-none-eabi/7.3.1/thumb/v7-m\libgcc.a(_arm_fixunsdfsi.o)
                0x0000000008001130                __aeabi_d2uiz
                0x0000000008001130                __fixunsdfsi
 *(.text*)
 .text.ADXL345_Init
                0x0000000008001170       0x90 Core/Src/ADXL345.o
                0x0000000008001170                ADXL345_Init
 .text.ADXL345_SetCalibration
                0x0000000008001200       0xdc Core/Src/ADXL345.o
                0x0000000008001200                ADXL345_SetCalibration
 .text.ADXL345_GetUnCompanseted_Accelerations
                0x00000000080012dc       0x90 Core/Src/ADXL345.o
                0x00000000080012dc                ADXL345_GetUnCompanseted_Accelerations
 *fill*         0x000000000800136c        0x4 
 .text.ADXL345_GetZaxis
                0x0000000008001370       0x3c Core/Src/ADXL345.o
                0x0000000008001370                ADXL345_GetZaxis
 .text.ADXL345_Zaxiss_filter
                0x00000000080013ac       0x4e Core/Src/ADXL345.o
                0x00000000080013ac                ADXL345_Zaxiss_filter
 .text.Array_sort_ADXL
                0x00000000080013fa       0xac Core/Src/ADXL345.o
                0x00000000080013fa                Array_sort_ADXL
 *fill*         0x00000000080014a6        0x2 
 .text.MS5611_Init
                0x00000000080014a8      0x228 Core/Src/MS5611.o
                0x00000000080014a8                MS5611_Init
 .text.MS5611_ReadTemperature
                0x00000000080016d0      0x12c Core/Src/MS5611.o
                0x00000000080016d0                MS5611_ReadTemperature
 .text.MS5611_ReadPressure
                0x00000000080017fc      0x278 Core/Src/MS5611.o
                0x00000000080017fc                MS5611_ReadPressure
 *fill*         0x0000000008001a74        0x4 
 .text.MS5611_ReadAltitude
                0x0000000008001a78       0xcc Core/Src/MS5611.o
                0x0000000008001a78                MS5611_ReadAltitude
 .text.MS5611_ReadMedian_Altitude
                0x0000000008001b44       0x4e Core/Src/MS5611.o
                0x0000000008001b44                MS5611_ReadMedian_Altitude
 .text.Array_sort_MS
                0x0000000008001b92       0xac Core/Src/MS5611.o
                0x0000000008001b92                Array_sort_MS
 *fill*         0x0000000008001c3e        0x2 
 .text.main     0x0000000008001c40      0x710 Core/Src/main.o
                0x0000000008001c40                main
 .text.SystemClock_Config
                0x0000000008002350       0xae Core/Src/main.o
                0x0000000008002350                SystemClock_Config
 *fill*         0x00000000080023fe        0x2 
 .text.MX_ADC1_Init
                0x0000000008002400       0x7c Core/Src/main.o
 .text.MX_I2C1_Init
                0x000000000800247c       0x5c Core/Src/main.o
 .text.MX_TIM2_Init
                0x00000000080024d8       0x98 Core/Src/main.o
 .text.MX_TIM3_Init
                0x0000000008002570       0x9c Core/Src/main.o
 .text.MX_TIM4_Init
                0x000000000800260c       0x9c Core/Src/main.o
 .text.MX_GPIO_Init
                0x00000000080026a8       0xc0 Core/Src/main.o
 .text.Scan_I2C
                0x0000000008002768       0x48 Core/Src/main.o
                0x0000000008002768                Scan_I2C
 .text.Error_Handler
                0x00000000080027b0        0xc Core/Src/main.o
                0x00000000080027b0                Error_Handler
 .text.HAL_MspInit
                0x00000000080027bc       0x64 Core/Src/stm32f1xx_hal_msp.o
                0x00000000080027bc                HAL_MspInit
 .text.HAL_ADC_MspInit
                0x0000000008002820       0x78 Core/Src/stm32f1xx_hal_msp.o
                0x0000000008002820                HAL_ADC_MspInit
 .text.HAL_I2C_MspInit
                0x0000000008002898       0x7c Core/Src/stm32f1xx_hal_msp.o
                0x0000000008002898                HAL_I2C_MspInit
 .text.HAL_TIM_Base_MspInit
                0x0000000008002914       0xa8 Core/Src/stm32f1xx_hal_msp.o
                0x0000000008002914                HAL_TIM_Base_MspInit
 .text.NMI_Handler
                0x00000000080029bc        0xc Core/Src/stm32f1xx_it.o
                0x00000000080029bc                NMI_Handler
 .text.HardFault_Handler
                0x00000000080029c8        0x6 Core/Src/stm32f1xx_it.o
                0x00000000080029c8                HardFault_Handler
 .text.MemManage_Handler
                0x00000000080029ce        0x6 Core/Src/stm32f1xx_it.o
                0x00000000080029ce                MemManage_Handler
 .text.BusFault_Handler
                0x00000000080029d4        0x6 Core/Src/stm32f1xx_it.o
                0x00000000080029d4                BusFault_Handler
 .text.UsageFault_Handler
                0x00000000080029da        0x6 Core/Src/stm32f1xx_it.o
                0x00000000080029da                UsageFault_Handler
 .text.SVC_Handler
                0x00000000080029e0        0xc Core/Src/stm32f1xx_it.o
                0x00000000080029e0                SVC_Handler
 .text.DebugMon_Handler
                0x00000000080029ec        0xc Core/Src/stm32f1xx_it.o
                0x00000000080029ec                DebugMon_Handler
 .text.PendSV_Handler
                0x00000000080029f8        0xc Core/Src/stm32f1xx_it.o
                0x00000000080029f8                PendSV_Handler
 .text.SysTick_Handler
                0x0000000008002a04        0xc Core/Src/stm32f1xx_it.o
                0x0000000008002a04                SysTick_Handler
 .text.TIM2_IRQHandler
                0x0000000008002a10       0x1c Core/Src/stm32f1xx_it.o
                0x0000000008002a10                TIM2_IRQHandler
 .text.TIM3_IRQHandler
                0x0000000008002a2c       0x1c Core/Src/stm32f1xx_it.o
                0x0000000008002a2c                TIM3_IRQHandler
 .text.SystemInit
                0x0000000008002a48        0xc Core/Src/system_stm32f1xx.o
                0x0000000008002a48                SystemInit
 .text.Reset_Handler
                0x0000000008002a54       0x48 Core/Startup/startup_stm32f102cbtx.o
                0x0000000008002a54                Reset_Handler
 .text.Default_Handler
                0x0000000008002a9c        0x2 Core/Startup/startup_stm32f102cbtx.o
                0x0000000008002a9c                RTC_Alarm_IRQHandler
                0x0000000008002a9c                EXTI2_IRQHandler
                0x0000000008002a9c                USB_HP_IRQHandler
                0x0000000008002a9c                PVD_IRQHandler
                0x0000000008002a9c                EXTI3_IRQHandler
                0x0000000008002a9c                EXTI0_IRQHandler
                0x0000000008002a9c                I2C2_EV_IRQHandler
                0x0000000008002a9c                SPI1_IRQHandler
                0x0000000008002a9c                TAMPER_IRQHandler
                0x0000000008002a9c                DMA1_Channel4_IRQHandler
                0x0000000008002a9c                ADC1_IRQHandler
                0x0000000008002a9c                USART3_IRQHandler
                0x0000000008002a9c                RTC_IRQHandler
                0x0000000008002a9c                DMA1_Channel7_IRQHandler
                0x0000000008002a9c                TIM4_IRQHandler
                0x0000000008002a9c                I2C1_EV_IRQHandler
                0x0000000008002a9c                DMA1_Channel6_IRQHandler
                0x0000000008002a9c                RCC_IRQHandler
                0x0000000008002a9c                DMA1_Channel1_IRQHandler
                0x0000000008002a9c                Default_Handler
                0x0000000008002a9c                EXTI15_10_IRQHandler
                0x0000000008002a9c                EXTI9_5_IRQHandler
                0x0000000008002a9c                SPI2_IRQHandler
                0x0000000008002a9c                DMA1_Channel5_IRQHandler
                0x0000000008002a9c                USB_LP_IRQHandler
                0x0000000008002a9c                EXTI4_IRQHandler
                0x0000000008002a9c                DMA1_Channel3_IRQHandler
                0x0000000008002a9c                WWDG_IRQHandler
                0x0000000008002a9c                EXTI1_IRQHandler
                0x0000000008002a9c                USART2_IRQHandler
                0x0000000008002a9c                I2C2_ER_IRQHandler
                0x0000000008002a9c                DMA1_Channel2_IRQHandler
                0x0000000008002a9c                FLASH_IRQHandler
                0x0000000008002a9c                USART1_IRQHandler
                0x0000000008002a9c                I2C1_ER_IRQHandler
                0x0000000008002a9c                USBWakeUp_IRQHandler
 *fill*         0x0000000008002a9e        0x2 
 .text.HAL_Init
                0x0000000008002aa0       0x2c Drivers/STM32F1xx_HAL_Driver/Src/stm32f1xx_hal.o
                0x0000000008002aa0                HAL_Init
 .text.HAL_InitTick
                0x0000000008002acc       0x60 Drivers/STM32F1xx_HAL_Driver/Src/stm32f1xx_hal.o
                0x0000000008002acc                HAL_InitTick
 .text.HAL_IncTick
                0x0000000008002b2c       0x24 Drivers/STM32F1xx_HAL_Driver/Src/stm32f1xx_hal.o
                0x0000000008002b2c                HAL_IncTick
 .text.HAL_GetTick
                0x0000000008002b50       0x14 Drivers/STM32F1xx_HAL_Driver/Src/stm32f1xx_hal.o
                0x0000000008002b50                HAL_GetTick
 .text.HAL_Delay
                0x0000000008002b64       0x44 Drivers/STM32F1xx_HAL_Driver/Src/stm32f1xx_hal.o
                0x0000000008002b64                HAL_Delay
 .text.HAL_ADC_Init
                0x0000000008002ba8      0x1b0 Drivers/STM32F1xx_HAL_Driver/Src/stm32f1xx_hal_adc.o
                0x0000000008002ba8                HAL_ADC_Init
 .text.HAL_ADC_ConfigChannel
                0x0000000008002d58      0x1f0 Drivers/STM32F1xx_HAL_Driver/Src/stm32f1xx_hal_adc.o
                0x0000000008002d58                HAL_ADC_ConfigChannel
 .text.ADC_ConversionStop_Disable
                0x0000000008002f48       0x82 Drivers/STM32F1xx_HAL_Driver/Src/stm32f1xx_hal_adc.o
                0x0000000008002f48                ADC_ConversionStop_Disable
 *fill*         0x0000000008002fca        0x2 
 .text.__NVIC_SetPriorityGrouping
                0x0000000008002fcc       0x48 Drivers/STM32F1xx_HAL_Driver/Src/stm32f1xx_hal_cortex.o
 .text.__NVIC_GetPriorityGrouping
                0x0000000008003014       0x1c Drivers/STM32F1xx_HAL_Driver/Src/stm32f1xx_hal_cortex.o
 .text.__NVIC_EnableIRQ
                0x0000000008003030       0x38 Drivers/STM32F1xx_HAL_Driver/Src/stm32f1xx_hal_cortex.o
 .text.__NVIC_SetPriority
                0x0000000008003068       0x54 Drivers/STM32F1xx_HAL_Driver/Src/stm32f1xx_hal_cortex.o
 .text.NVIC_EncodePriority
                0x00000000080030bc       0x64 Drivers/STM32F1xx_HAL_Driver/Src/stm32f1xx_hal_cortex.o
 .text.SysTick_Config
                0x0000000008003120       0x44 Drivers/STM32F1xx_HAL_Driver/Src/stm32f1xx_hal_cortex.o
 .text.HAL_NVIC_SetPriorityGrouping
                0x0000000008003164       0x16 Drivers/STM32F1xx_HAL_Driver/Src/stm32f1xx_hal_cortex.o
                0x0000000008003164                HAL_NVIC_SetPriorityGrouping
 .text.HAL_NVIC_SetPriority
                0x000000000800317a       0x38 Drivers/STM32F1xx_HAL_Driver/Src/stm32f1xx_hal_cortex.o
                0x000000000800317a                HAL_NVIC_SetPriority
 .text.HAL_NVIC_EnableIRQ
                0x00000000080031b2       0x1c Drivers/STM32F1xx_HAL_Driver/Src/stm32f1xx_hal_cortex.o
                0x00000000080031b2                HAL_NVIC_EnableIRQ
 .text.HAL_SYSTICK_Config
                0x00000000080031ce       0x18 Drivers/STM32F1xx_HAL_Driver/Src/stm32f1xx_hal_cortex.o
                0x00000000080031ce                HAL_SYSTICK_Config
 *fill*         0x00000000080031e6        0x2 
 .text.HAL_GPIO_Init
                0x00000000080031e8      0x2a4 Drivers/STM32F1xx_HAL_Driver/Src/stm32f1xx_hal_gpio.o
                0x00000000080031e8                HAL_GPIO_Init
 .text.HAL_GPIO_WritePin
                0x000000000800348c       0x30 Drivers/STM32F1xx_HAL_Driver/Src/stm32f1xx_hal_gpio.o
                0x000000000800348c                HAL_GPIO_WritePin
 .text.HAL_GPIO_TogglePin
                0x00000000080034bc       0x32 Drivers/STM32F1xx_HAL_Driver/Src/stm32f1xx_hal_gpio.o
                0x00000000080034bc                HAL_GPIO_TogglePin
 *fill*         0x00000000080034ee        0x2 
 .text.HAL_I2C_Init
                0x00000000080034f0      0x270 Drivers/STM32F1xx_HAL_Driver/Src/stm32f1xx_hal_i2c.o
                0x00000000080034f0                HAL_I2C_Init
 .text.HAL_I2C_Master_Transmit
                0x0000000008003760      0x1fc Drivers/STM32F1xx_HAL_Driver/Src/stm32f1xx_hal_i2c.o
                0x0000000008003760                HAL_I2C_Master_Transmit
 .text.HAL_I2C_Master_Receive
                0x000000000800395c      0x4b4 Drivers/STM32F1xx_HAL_Driver/Src/stm32f1xx_hal_i2c.o
                0x000000000800395c                HAL_I2C_Master_Receive
 .text.HAL_I2C_Mem_Write
                0x0000000008003e10      0x1f4 Drivers/STM32F1xx_HAL_Driver/Src/stm32f1xx_hal_i2c.o
                0x0000000008003e10                HAL_I2C_Mem_Write
 .text.HAL_I2C_Mem_Read
                0x0000000008004004      0x4c4 Drivers/STM32F1xx_HAL_Driver/Src/stm32f1xx_hal_i2c.o
                0x0000000008004004                HAL_I2C_Mem_Read
 .text.HAL_I2C_IsDeviceReady
                0x00000000080044c8      0x25c Drivers/STM32F1xx_HAL_Driver/Src/stm32f1xx_hal_i2c.o
                0x00000000080044c8                HAL_I2C_IsDeviceReady
 .text.I2C_MasterRequestWrite
                0x0000000008004724      0x104 Drivers/STM32F1xx_HAL_Driver/Src/stm32f1xx_hal_i2c.o
 .text.I2C_MasterRequestRead
                0x0000000008004828      0x19c Drivers/STM32F1xx_HAL_Driver/Src/stm32f1xx_hal_i2c.o
 .text.I2C_RequestMemoryWrite
                0x00000000080049c4      0x12c Drivers/STM32F1xx_HAL_Driver/Src/stm32f1xx_hal_i2c.o
 .text.I2C_RequestMemoryRead
                0x0000000008004af0      0x1d0 Drivers/STM32F1xx_HAL_Driver/Src/stm32f1xx_hal_i2c.o
 .text.I2C_WaitOnFlagUntilTimeout
                0x0000000008004cc0       0xae Drivers/STM32F1xx_HAL_Driver/Src/stm32f1xx_hal_i2c.o
 .text.I2C_WaitOnMasterAddressFlagUntilTimeout
                0x0000000008004d6e       0xfe Drivers/STM32F1xx_HAL_Driver/Src/stm32f1xx_hal_i2c.o
 .text.I2C_WaitOnTXEFlagUntilTimeout
                0x0000000008004e6c       0x82 Drivers/STM32F1xx_HAL_Driver/Src/stm32f1xx_hal_i2c.o
 .text.I2C_WaitOnBTFFlagUntilTimeout
                0x0000000008004eee       0x82 Drivers/STM32F1xx_HAL_Driver/Src/stm32f1xx_hal_i2c.o
 .text.I2C_WaitOnRXNEFlagUntilTimeout
                0x0000000008004f70       0xac Drivers/STM32F1xx_HAL_Driver/Src/stm32f1xx_hal_i2c.o
 .text.I2C_IsAcknowledgeFailed
                0x000000000800501c       0x5c Drivers/STM32F1xx_HAL_Driver/Src/stm32f1xx_hal_i2c.o
 .text.HAL_RCC_OscConfig
                0x0000000008005078      0x500 Drivers/STM32F1xx_HAL_Driver/Src/stm32f1xx_hal_rcc.o
                0x0000000008005078                HAL_RCC_OscConfig
 .text.HAL_RCC_ClockConfig
                0x0000000008005578      0x1d4 Drivers/STM32F1xx_HAL_Driver/Src/stm32f1xx_hal_rcc.o
                0x0000000008005578                HAL_RCC_ClockConfig
 .text.HAL_RCC_GetSysClockFreq
                0x000000000800574c       0xc4 Drivers/STM32F1xx_HAL_Driver/Src/stm32f1xx_hal_rcc.o
                0x000000000800574c                HAL_RCC_GetSysClockFreq
 .text.HAL_RCC_GetHCLKFreq
                0x0000000008005810       0x14 Drivers/STM32F1xx_HAL_Driver/Src/stm32f1xx_hal_rcc.o
                0x0000000008005810                HAL_RCC_GetHCLKFreq
 .text.HAL_RCC_GetPCLK1Freq
                0x0000000008005824       0x28 Drivers/STM32F1xx_HAL_Driver/Src/stm32f1xx_hal_rcc.o
                0x0000000008005824                HAL_RCC_GetPCLK1Freq
 .text.RCC_Delay
                0x000000000800584c       0x3c Drivers/STM32F1xx_HAL_Driver/Src/stm32f1xx_hal_rcc.o
 .text.HAL_RCCEx_PeriphCLKConfig
                0x0000000008005888      0x16c Drivers/STM32F1xx_HAL_Driver/Src/stm32f1xx_hal_rcc_ex.o
                0x0000000008005888                HAL_RCCEx_PeriphCLKConfig
 .text.HAL_TIM_Base_Init
                0x00000000080059f4       0x9e Drivers/STM32F1xx_HAL_Driver/Src/stm32f1xx_hal_tim.o
                0x00000000080059f4                HAL_TIM_Base_Init
 *fill*         0x0000000008005a92        0x2 
 .text.HAL_TIM_Base_Start
                0x0000000008005a94       0x88 Drivers/STM32F1xx_HAL_Driver/Src/stm32f1xx_hal_tim.o
                0x0000000008005a94                HAL_TIM_Base_Start
 .text.HAL_TIM_Base_Start_IT
                0x0000000008005b1c       0x98 Drivers/STM32F1xx_HAL_Driver/Src/stm32f1xx_hal_tim.o
                0x0000000008005b1c                HAL_TIM_Base_Start_IT
 .text.HAL_TIM_Base_Stop_IT
                0x0000000008005bb4       0x5c Drivers/STM32F1xx_HAL_Driver/Src/stm32f1xx_hal_tim.o
                0x0000000008005bb4                HAL_TIM_Base_Stop_IT
 .text.HAL_TIM_IRQHandler
                0x0000000008005c10      0x210 Drivers/STM32F1xx_HAL_Driver/Src/stm32f1xx_hal_tim.o
                0x0000000008005c10                HAL_TIM_IRQHandler
 .text.HAL_TIM_ConfigClockSource
                0x0000000008005e20      0x16e Drivers/STM32F1xx_HAL_Driver/Src/stm32f1xx_hal_tim.o
                0x0000000008005e20                HAL_TIM_ConfigClockSource
 .text.HAL_TIM_PeriodElapsedCallback
                0x0000000008005f8e       0x12 Drivers/STM32F1xx_HAL_Driver/Src/stm32f1xx_hal_tim.o
                0x0000000008005f8e                HAL_TIM_PeriodElapsedCallback
 .text.HAL_TIM_OC_DelayElapsedCallback
                0x0000000008005fa0       0x12 Drivers/STM32F1xx_HAL_Driver/Src/stm32f1xx_hal_tim.o
                0x0000000008005fa0                HAL_TIM_OC_DelayElapsedCallback
 .text.HAL_TIM_IC_CaptureCallback
                0x0000000008005fb2       0x12 Drivers/STM32F1xx_HAL_Driver/Src/stm32f1xx_hal_tim.o
                0x0000000008005fb2                HAL_TIM_IC_CaptureCallback
 .text.HAL_TIM_PWM_PulseFinishedCallback
                0x0000000008005fc4       0x12 Drivers/STM32F1xx_HAL_Driver/Src/stm32f1xx_hal_tim.o
                0x0000000008005fc4                HAL_TIM_PWM_PulseFinishedCallback
 .text.HAL_TIM_TriggerCallback
                0x0000000008005fd6       0x12 Drivers/STM32F1xx_HAL_Driver/Src/stm32f1xx_hal_tim.o
                0x0000000008005fd6                HAL_TIM_TriggerCallback
 .text.TIM_Base_SetConfig
                0x0000000008005fe8       0xa0 Drivers/STM32F1xx_HAL_Driver/Src/stm32f1xx_hal_tim.o
                0x0000000008005fe8                TIM_Base_SetConfig
 .text.TIM_TI1_ConfigInputStage
                0x0000000008006088       0x5c Drivers/STM32F1xx_HAL_Driver/Src/stm32f1xx_hal_tim.o
 .text.TIM_TI2_ConfigInputStage
                0x00000000080060e4       0x5e Drivers/STM32F1xx_HAL_Driver/Src/stm32f1xx_hal_tim.o
 .text.TIM_ITRx_SetConfig
                0x0000000008006142       0x34 Drivers/STM32F1xx_HAL_Driver/Src/stm32f1xx_hal_tim.o
 .text.TIM_ETR_SetConfig
                0x0000000008006176       0x3e Drivers/STM32F1xx_HAL_Driver/Src/stm32f1xx_hal_tim.o
                0x0000000008006176                TIM_ETR_SetConfig
 .text.HAL_TIMEx_MasterConfigSynchronization
                0x00000000080061b4       0xb0 Drivers/STM32F1xx_HAL_Driver/Src/stm32f1xx_hal_tim_ex.o
                0x00000000080061b4                HAL_TIMEx_MasterConfigSynchronization
 .text.HAL_TIMEx_CommutCallback
                0x0000000008006264       0x12 Drivers/STM32F1xx_HAL_Driver/Src/stm32f1xx_hal_tim_ex.o
                0x0000000008006264                HAL_TIMEx_CommutCallback
 .text.HAL_TIMEx_BreakCallback
                0x0000000008006276       0x12 Drivers/STM32F1xx_HAL_Driver/Src/stm32f1xx_hal_tim_ex.o
                0x0000000008006276                HAL_TIMEx_BreakCallback
 .text.__errno  0x0000000008006288        0xc c:/st/stm32cubeide_1.4.0/stm32cubeide/plugins/com.st.stm32cube.ide.mcu.externaltools.gnu-tools-for-stm32.7-2018-q2-update.win32_1.4.0.202007081208/tools/bin/../lib/gcc/arm-none-eabi/7.3.1/../../../../arm-none-eabi/lib/thumb/v7-m\libc_nano.a(lib_a-errno.o)
                0x0000000008006288                __errno
 .text.__libc_init_array
                0x0000000008006294       0x48 c:/st/stm32cubeide_1.4.0/stm32cubeide/plugins/com.st.stm32cube.ide.mcu.externaltools.gnu-tools-for-stm32.7-2018-q2-update.win32_1.4.0.202007081208/tools/bin/../lib/gcc/arm-none-eabi/7.3.1/../../../../arm-none-eabi/lib/thumb/v7-m\libc_nano.a(lib_a-init.o)
                0x0000000008006294                __libc_init_array
 .text.memset   0x00000000080062dc       0x10 c:/st/stm32cubeide_1.4.0/stm32cubeide/plugins/com.st.stm32cube.ide.mcu.externaltools.gnu-tools-for-stm32.7-2018-q2-update.win32_1.4.0.202007081208/tools/bin/../lib/gcc/arm-none-eabi/7.3.1/../../../../arm-none-eabi/lib/thumb/v7-m\libc_nano.a(lib_a-memset.o)
                0x00000000080062dc                memset
 .text.pow      0x00000000080062ec      0x2b8 c:/st/stm32cubeide_1.4.0/stm32cubeide/plugins/com.st.stm32cube.ide.mcu.externaltools.gnu-tools-for-stm32.7-2018-q2-update.win32_1.4.0.202007081208/tools/bin/../lib/gcc/arm-none-eabi/7.3.1/../../../../arm-none-eabi/lib/thumb/v7-m\libm.a(lib_a-w_pow.o)
                0x00000000080062ec                pow
 *fill*         0x00000000080065a4        0x4 
 .text.__ieee754_pow
                0x00000000080065a8      0xa14 c:/st/stm32cubeide_1.4.0/stm32cubeide/plugins/com.st.stm32cube.ide.mcu.externaltools.gnu-tools-for-stm32.7-2018-q2-update.win32_1.4.0.202007081208/tools/bin/../lib/gcc/arm-none-eabi/7.3.1/../../../../arm-none-eabi/lib/thumb/v7-m\libm.a(lib_a-e_pow.o)
                0x00000000080065a8                __ieee754_pow
 .text.__ieee754_sqrt
                0x0000000008006fbc      0x158 c:/st/stm32cubeide_1.4.0/stm32cubeide/plugins/com.st.stm32cube.ide.mcu.externaltools.gnu-tools-for-stm32.7-2018-q2-update.win32_1.4.0.202007081208/tools/bin/../lib/gcc/arm-none-eabi/7.3.1/../../../../arm-none-eabi/lib/thumb/v7-m\libm.a(lib_a-e_sqrt.o)
                0x0000000008006fbc                __ieee754_sqrt
 .text.fabs     0x0000000008007114        0x8 c:/st/stm32cubeide_1.4.0/stm32cubeide/plugins/com.st.stm32cube.ide.mcu.externaltools.gnu-tools-for-stm32.7-2018-q2-update.win32_1.4.0.202007081208/tools/bin/../lib/gcc/arm-none-eabi/7.3.1/../../../../arm-none-eabi/lib/thumb/v7-m\libm.a(lib_a-s_fabs.o)
                0x0000000008007114                fabs
 .text.finite   0x000000000800711c        0xc c:/st/stm32cubeide_1.4.0/stm32cubeide/plugins/com.st.stm32cube.ide.mcu.externaltools.gnu-tools-for-stm32.7-2018-q2-update.win32_1.4.0.202007081208/tools/bin/../lib/gcc/arm-none-eabi/7.3.1/../../../../arm-none-eabi/lib/thumb/v7-m\libm.a(lib_a-s_finite.o)
                0x000000000800711c                finite
 .text.matherr  0x0000000008007128        0x4 c:/st/stm32cubeide_1.4.0/stm32cubeide/plugins/com.st.stm32cube.ide.mcu.externaltools.gnu-tools-for-stm32.7-2018-q2-update.win32_1.4.0.202007081208/tools/bin/../lib/gcc/arm-none-eabi/7.3.1/../../../../arm-none-eabi/lib/thumb/v7-m\libm.a(lib_a-s_matherr.o)
                0x0000000008007128                matherr
 .text.nan      0x000000000800712c        0xc c:/st/stm32cubeide_1.4.0/stm32cubeide/plugins/com.st.stm32cube.ide.mcu.externaltools.gnu-tools-for-stm32.7-2018-q2-update.win32_1.4.0.202007081208/tools/bin/../lib/gcc/arm-none-eabi/7.3.1/../../../../arm-none-eabi/lib/thumb/v7-m\libm.a(lib_a-s_nan.o)
                0x000000000800712c                nan
 .text.rint     0x0000000008007138      0x114 c:/st/stm32cubeide_1.4.0/stm32cubeide/plugins/com.st.stm32cube.ide.mcu.externaltools.gnu-tools-for-stm32.7-2018-q2-update.win32_1.4.0.202007081208/tools/bin/../lib/gcc/arm-none-eabi/7.3.1/../../../../arm-none-eabi/lib/thumb/v7-m\libm.a(lib_a-s_rint.o)
                0x0000000008007138                rint
 *fill*         0x000000000800724c        0x4 
 .text.scalbn   0x0000000008007250       0xdc c:/st/stm32cubeide_1.4.0/stm32cubeide/plugins/com.st.stm32cube.ide.mcu.externaltools.gnu-tools-for-stm32.7-2018-q2-update.win32_1.4.0.202007081208/tools/bin/../lib/gcc/arm-none-eabi/7.3.1/../../../../arm-none-eabi/lib/thumb/v7-m\libm.a(lib_a-s_scalbn.o)
                0x0000000008007250                scalbn
 .text.copysign
                0x000000000800732c       0x12 c:/st/stm32cubeide_1.4.0/stm32cubeide/plugins/com.st.stm32cube.ide.mcu.externaltools.gnu-tools-for-stm32.7-2018-q2-update.win32_1.4.0.202007081208/tools/bin/../lib/gcc/arm-none-eabi/7.3.1/../../../../arm-none-eabi/lib/thumb/v7-m\libm.a(lib_a-s_copysign.o)
                0x000000000800732c                copysign
 *(.glue_7)
 .glue_7        0x000000000800733e        0x0 linker stubs
 *(.glue_7t)
 .glue_7t       0x000000000800733e        0x0 linker stubs
 *(.eh_frame)
 *fill*         0x000000000800733e        0x2 
 .eh_frame      0x0000000008007340        0x0 c:/st/stm32cubeide_1.4.0/stm32cubeide/plugins/com.st.stm32cube.ide.mcu.externaltools.gnu-tools-for-stm32.7-2018-q2-update.win32_1.4.0.202007081208/tools/bin/../lib/gcc/arm-none-eabi/7.3.1/thumb/v7-m/crtbegin.o
 *(.init)
 .init          0x0000000008007340        0x4 c:/st/stm32cubeide_1.4.0/stm32cubeide/plugins/com.st.stm32cube.ide.mcu.externaltools.gnu-tools-for-stm32.7-2018-q2-update.win32_1.4.0.202007081208/tools/bin/../lib/gcc/arm-none-eabi/7.3.1/thumb/v7-m/crti.o
                0x0000000008007340                _init
 .init          0x0000000008007344        0x8 c:/st/stm32cubeide_1.4.0/stm32cubeide/plugins/com.st.stm32cube.ide.mcu.externaltools.gnu-tools-for-stm32.7-2018-q2-update.win32_1.4.0.202007081208/tools/bin/../lib/gcc/arm-none-eabi/7.3.1/thumb/v7-m/crtn.o
 *(.fini)
 .fini          0x000000000800734c        0x4 c:/st/stm32cubeide_1.4.0/stm32cubeide/plugins/com.st.stm32cube.ide.mcu.externaltools.gnu-tools-for-stm32.7-2018-q2-update.win32_1.4.0.202007081208/tools/bin/../lib/gcc/arm-none-eabi/7.3.1/thumb/v7-m/crti.o
                0x000000000800734c                _fini
 .fini          0x0000000008007350        0x8 c:/st/stm32cubeide_1.4.0/stm32cubeide/plugins/com.st.stm32cube.ide.mcu.externaltools.gnu-tools-for-stm32.7-2018-q2-update.win32_1.4.0.202007081208/tools/bin/../lib/gcc/arm-none-eabi/7.3.1/thumb/v7-m/crtn.o
                0x0000000008007358                . = ALIGN (0x4)
                0x0000000008007358                _etext = .

.vfp11_veneer   0x0000000008007358        0x0
 .vfp11_veneer  0x0000000008007358        0x0 linker stubs

.v4_bx          0x0000000008007358        0x0
 .v4_bx         0x0000000008007358        0x0 linker stubs

.iplt           0x0000000008007358        0x0
 .iplt          0x0000000008007358        0x0 c:/st/stm32cubeide_1.4.0/stm32cubeide/plugins/com.st.stm32cube.ide.mcu.externaltools.gnu-tools-for-stm32.7-2018-q2-update.win32_1.4.0.202007081208/tools/bin/../lib/gcc/arm-none-eabi/7.3.1/thumb/v7-m/crtbegin.o

.rodata         0x0000000008007358       0x70
                0x0000000008007358                . = ALIGN (0x4)
 *(.rodata)
 .rodata        0x0000000008007358       0x12 Drivers/STM32F1xx_HAL_Driver/Src/stm32f1xx_hal_rcc.o
 *(.rodata*)
 *fill*         0x000000000800736a        0x2 
 .rodata.AHBPrescTable
                0x000000000800736c       0x10 Core/Src/system_stm32f1xx.o
                0x000000000800736c                AHBPrescTable
 .rodata.APBPrescTable
                0x000000000800737c        0x8 Core/Src/system_stm32f1xx.o
                0x000000000800737c                APBPrescTable
 .rodata.pow.str1.1
                0x0000000008007384        0x4 c:/st/stm32cubeide_1.4.0/stm32cubeide/plugins/com.st.stm32cube.ide.mcu.externaltools.gnu-tools-for-stm32.7-2018-q2-update.win32_1.4.0.202007081208/tools/bin/../lib/gcc/arm-none-eabi/7.3.1/../../../../arm-none-eabi/lib/thumb/v7-m\libm.a(lib_a-w_pow.o)
 .rodata.__ieee754_pow.str1.1
                0x0000000008007388        0x4 c:/st/stm32cubeide_1.4.0/stm32cubeide/plugins/com.st.stm32cube.ide.mcu.externaltools.gnu-tools-for-stm32.7-2018-q2-update.win32_1.4.0.202007081208/tools/bin/../lib/gcc/arm-none-eabi/7.3.1/../../../../arm-none-eabi/lib/thumb/v7-m\libm.a(lib_a-e_pow.o)
                                          0x1 (size before relaxing)
 .rodata.bp     0x0000000008007388       0x10 c:/st/stm32cubeide_1.4.0/stm32cubeide/plugins/com.st.stm32cube.ide.mcu.externaltools.gnu-tools-for-stm32.7-2018-q2-update.win32_1.4.0.202007081208/tools/bin/../lib/gcc/arm-none-eabi/7.3.1/../../../../arm-none-eabi/lib/thumb/v7-m\libm.a(lib_a-e_pow.o)
 .rodata.dp_h   0x0000000008007398       0x10 c:/st/stm32cubeide_1.4.0/stm32cubeide/plugins/com.st.stm32cube.ide.mcu.externaltools.gnu-tools-for-stm32.7-2018-q2-update.win32_1.4.0.202007081208/tools/bin/../lib/gcc/arm-none-eabi/7.3.1/../../../../arm-none-eabi/lib/thumb/v7-m\libm.a(lib_a-e_pow.o)
 .rodata.dp_l   0x00000000080073a8       0x10 c:/st/stm32cubeide_1.4.0/stm32cubeide/plugins/com.st.stm32cube.ide.mcu.externaltools.gnu-tools-for-stm32.7-2018-q2-update.win32_1.4.0.202007081208/tools/bin/../lib/gcc/arm-none-eabi/7.3.1/../../../../arm-none-eabi/lib/thumb/v7-m\libm.a(lib_a-e_pow.o)
 .rodata.TWO52  0x00000000080073b8       0x10 c:/st/stm32cubeide_1.4.0/stm32cubeide/plugins/com.st.stm32cube.ide.mcu.externaltools.gnu-tools-for-stm32.7-2018-q2-update.win32_1.4.0.202007081208/tools/bin/../lib/gcc/arm-none-eabi/7.3.1/../../../../arm-none-eabi/lib/thumb/v7-m\libm.a(lib_a-s_rint.o)
                0x00000000080073c8                . = ALIGN (0x4)

.rel.dyn        0x00000000080073c8        0x0
 .rel.iplt      0x00000000080073c8        0x0 c:/st/stm32cubeide_1.4.0/stm32cubeide/plugins/com.st.stm32cube.ide.mcu.externaltools.gnu-tools-for-stm32.7-2018-q2-update.win32_1.4.0.202007081208/tools/bin/../lib/gcc/arm-none-eabi/7.3.1/thumb/v7-m/crtbegin.o

.ARM.extab      0x00000000080073c8        0x0
                0x00000000080073c8                . = ALIGN (0x4)
 *(.ARM.extab* .gnu.linkonce.armextab.*)
                0x00000000080073c8                . = ALIGN (0x4)

.ARM            0x00000000080073c8        0x0
                0x00000000080073c8                . = ALIGN (0x4)
                0x00000000080073c8                __exidx_start = .
 *(.ARM.exidx*)
                0x00000000080073c8                __exidx_end = .
                0x00000000080073c8                . = ALIGN (0x4)

.preinit_array  0x00000000080073c8        0x0
                0x00000000080073c8                . = ALIGN (0x4)
                0x00000000080073c8                PROVIDE (__preinit_array_start = .)
 *(.preinit_array*)
                0x00000000080073c8                PROVIDE (__preinit_array_end = .)
                0x00000000080073c8                . = ALIGN (0x4)

.init_array     0x00000000080073c8        0x4
                0x00000000080073c8                . = ALIGN (0x4)
                0x00000000080073c8                PROVIDE (__init_array_start = .)
 *(SORT_BY_NAME(.init_array.*))
 *(.init_array*)
 .init_array    0x00000000080073c8        0x4 c:/st/stm32cubeide_1.4.0/stm32cubeide/plugins/com.st.stm32cube.ide.mcu.externaltools.gnu-tools-for-stm32.7-2018-q2-update.win32_1.4.0.202007081208/tools/bin/../lib/gcc/arm-none-eabi/7.3.1/thumb/v7-m/crtbegin.o
                0x00000000080073cc                PROVIDE (__init_array_end = .)
                0x00000000080073cc                . = ALIGN (0x4)

.fini_array     0x00000000080073cc        0x4
                0x00000000080073cc                . = ALIGN (0x4)
                [!provide]                        PROVIDE (__fini_array_start = .)
 *(SORT_BY_NAME(.fini_array.*))
 *(.fini_array*)
 .fini_array    0x00000000080073cc        0x4 c:/st/stm32cubeide_1.4.0/stm32cubeide/plugins/com.st.stm32cube.ide.mcu.externaltools.gnu-tools-for-stm32.7-2018-q2-update.win32_1.4.0.202007081208/tools/bin/../lib/gcc/arm-none-eabi/7.3.1/thumb/v7-m/crtbegin.o
                [!provide]                        PROVIDE (__fini_array_end = .)
                0x00000000080073d0                . = ALIGN (0x4)
                0x00000000080073d0                _sidata = LOADADDR (.data)

.data           0x0000000020000000       0x8c load address 0x00000000080073d0
                0x0000000020000000                . = ALIGN (0x4)
                0x0000000020000000                _sdata = .
 *(.data)
 *(.data*)
 .data.POWER_CTL
                0x0000000020000000        0x1 Core/Src/ADXL345.o
                0x0000000020000000                POWER_CTL
 .data.POWER_SET
                0x0000000020000001        0x1 Core/Src/ADXL345.o
                0x0000000020000001                POWER_SET
 .data.DATA_FORMAT
                0x0000000020000002        0x1 Core/Src/ADXL345.o
                0x0000000020000002                DATA_FORMAT
 .data.DATA_FORMAT_RATE
                0x0000000020000003        0x1 Core/Src/ADXL345.o
                0x0000000020000003                DATA_FORMAT_RATE
 .data.ADXL_DATA_ADRESS
                0x0000000020000004        0x1 Core/Src/ADXL345.o
                0x0000000020000004                ADXL_DATA_ADRESS
 .data.ADXL_DATA_ADRESS_LENGTH
                0x0000000020000005        0x1 Core/Src/ADXL345.o
                0x0000000020000005                ADXL_DATA_ADRESS_LENGTH
 .data.D1_4096  0x0000000020000006        0x1 Core/Src/MS5611.o
                0x0000000020000006                D1_4096
 .data.D2_4096  0x0000000020000007        0x1 Core/Src/MS5611.o
                0x0000000020000007                D2_4096
 .data.Read_PROMFAB
                0x0000000020000008        0x1 Core/Src/MS5611.o
                0x0000000020000008                Read_PROMFAB
 .data.Read_PROMC1
                0x0000000020000009        0x1 Core/Src/MS5611.o
                0x0000000020000009                Read_PROMC1
 .data.Read_PROMC2
                0x000000002000000a        0x1 Core/Src/MS5611.o
                0x000000002000000a                Read_PROMC2
 .data.Read_PROMC3
                0x000000002000000b        0x1 Core/Src/MS5611.o
                0x000000002000000b                Read_PROMC3
 .data.Read_PROMC4
                0x000000002000000c        0x1 Core/Src/MS5611.o
                0x000000002000000c                Read_PROMC4
 .data.Read_PROMC5
                0x000000002000000d        0x1 Core/Src/MS5611.o
                0x000000002000000d                Read_PROMC5
 .data.Read_PROMC6
                0x000000002000000e        0x1 Core/Src/MS5611.o
                0x000000002000000e                Read_PROMC6
 .data.Read_PROMCRC
                0x000000002000000f        0x1 Core/Src/MS5611.o
                0x000000002000000f                Read_PROMCRC
 .data.P0       0x0000000020000010        0x4 Core/Src/MS5611.o
                0x0000000020000010                P0
 .data.pte      0x0000000020000014        0x4 Core/Src/MS5611.o
                0x0000000020000014                pte
 .data.SystemCoreClock
                0x0000000020000018        0x4 Core/Src/system_stm32f1xx.o
                0x0000000020000018                SystemCoreClock
 .data.uwTickPrio
                0x000000002000001c        0x4 Drivers/STM32F1xx_HAL_Driver/Src/stm32f1xx_hal.o
                0x000000002000001c                uwTickPrio
 .data.uwTickFreq
                0x0000000020000020        0x1 Drivers/STM32F1xx_HAL_Driver/Src/stm32f1xx_hal.o
                0x0000000020000020                uwTickFreq
 *fill*         0x0000000020000021        0x3 
 .data._impure_ptr
                0x0000000020000024        0x4 c:/st/stm32cubeide_1.4.0/stm32cubeide/plugins/com.st.stm32cube.ide.mcu.externaltools.gnu-tools-for-stm32.7-2018-q2-update.win32_1.4.0.202007081208/tools/bin/../lib/gcc/arm-none-eabi/7.3.1/../../../../arm-none-eabi/lib/thumb/v7-m\libc_nano.a(lib_a-impure.o)
                0x0000000020000024                _impure_ptr
 .data.impure_data
                0x0000000020000028       0x60 c:/st/stm32cubeide_1.4.0/stm32cubeide/plugins/com.st.stm32cube.ide.mcu.externaltools.gnu-tools-for-stm32.7-2018-q2-update.win32_1.4.0.202007081208/tools/bin/../lib/gcc/arm-none-eabi/7.3.1/../../../../arm-none-eabi/lib/thumb/v7-m\libc_nano.a(lib_a-impure.o)
 .data.__fdlib_version
                0x0000000020000088        0x1 c:/st/stm32cubeide_1.4.0/stm32cubeide/plugins/com.st.stm32cube.ide.mcu.externaltools.gnu-tools-for-stm32.7-2018-q2-update.win32_1.4.0.202007081208/tools/bin/../lib/gcc/arm-none-eabi/7.3.1/../../../../arm-none-eabi/lib/thumb/v7-m\libm.a(lib_a-s_lib_ver.o)
                0x0000000020000088                __fdlib_version
                0x000000002000008c                . = ALIGN (0x4)
 *fill*         0x0000000020000089        0x3 
                0x000000002000008c                _edata = .

.igot.plt       0x000000002000008c        0x0 load address 0x000000000800745c
 .igot.plt      0x000000002000008c        0x0 c:/st/stm32cubeide_1.4.0/stm32cubeide/plugins/com.st.stm32cube.ide.mcu.externaltools.gnu-tools-for-stm32.7-2018-q2-update.win32_1.4.0.202007081208/tools/bin/../lib/gcc/arm-none-eabi/7.3.1/thumb/v7-m/crtbegin.o
                0x000000002000008c                . = ALIGN (0x4)

.bss            0x0000000020000090      0x278 load address 0x000000000800745c
                0x0000000020000090                _sbss = .
                0x0000000020000090                __bss_start__ = _sbss
 *(.bss)
 .bss           0x0000000020000090       0x1c c:/st/stm32cubeide_1.4.0/stm32cubeide/plugins/com.st.stm32cube.ide.mcu.externaltools.gnu-tools-for-stm32.7-2018-q2-update.win32_1.4.0.202007081208/tools/bin/../lib/gcc/arm-none-eabi/7.3.1/thumb/v7-m/crtbegin.o
 *(.bss*)
 .bss.ADXL345_ID
                0x00000000200000ac        0x1 Core/Src/ADXL345.o
                0x00000000200000ac                ADXL345_ID
 .bss.ID_RESPONS
                0x00000000200000ad        0x1 Core/Src/ADXL345.o
                0x00000000200000ad                ID_RESPONS
 .bss.POWER_RESET
                0x00000000200000ae        0x1 Core/Src/ADXL345.o
                0x00000000200000ae                POWER_RESET
 *fill*         0x00000000200000af        0x1 
 .bss.ADXL_DATA
                0x00000000200000b0        0x6 Core/Src/ADXL345.o
                0x00000000200000b0                ADXL_DATA
 .bss.control   0x00000000200000b6        0x1 Core/Src/ADXL345.o
                0x00000000200000b6                control
 *fill*         0x00000000200000b7        0x1 
 .bss.BASE_P    0x00000000200000b8        0xc Core/Src/MS5611.o
                0x00000000200000b8                BASE_P
 .bss.BASE      0x00000000200000c4        0x4 Core/Src/MS5611.o
                0x00000000200000c4                BASE
 .bss.fab_data  0x00000000200000c8       0x10 Core/Src/MS5611.o
                0x00000000200000c8                fab_data
 .bss.ADC       0x00000000200000d8        0x6 Core/Src/MS5611.o
                0x00000000200000d8                ADC
 *fill*         0x00000000200000de        0x2 
 .bss.C         0x00000000200000e0        0xc Core/Src/MS5611.o
                0x00000000200000e0                C
 .bss.D1        0x00000000200000ec        0x4 Core/Src/MS5611.o
                0x00000000200000ec                D1
 .bss.D2        0x00000000200000f0        0x4 Core/Src/MS5611.o
                0x00000000200000f0                D2
 .bss.Read_ADC  0x00000000200000f4        0x1 Core/Src/MS5611.o
                0x00000000200000f4                Read_ADC
 *fill*         0x00000000200000f5        0x3 
 .bss.dT        0x00000000200000f8        0x4 Core/Src/MS5611.o
                0x00000000200000f8                dT
 .bss.dT2       0x00000000200000fc        0x4 Core/Src/MS5611.o
                0x00000000200000fc                dT2
 .bss.OFF       0x0000000020000100        0x8 Core/Src/MS5611.o
                0x0000000020000100                OFF
 .bss.SENS      0x0000000020000108        0x8 Core/Src/MS5611.o
                0x0000000020000108                SENS
 .bss.OFF2      0x0000000020000110        0x8 Core/Src/MS5611.o
                0x0000000020000110                OFF2
 .bss.SENS2     0x0000000020000118        0x8 Core/Src/MS5611.o
                0x0000000020000118                SENS2
 .bss.TEMP      0x0000000020000120        0x4 Core/Src/MS5611.o
                0x0000000020000120                TEMP
 .bss.PRESS     0x0000000020000124        0x4 Core/Src/MS5611.o
                0x0000000020000124                PRESS
 .bss.ALT       0x0000000020000128        0x4 Core/Src/MS5611.o
                0x0000000020000128                ALT
 .bss.T         0x000000002000012c        0x4 Core/Src/MS5611.o
                0x000000002000012c                T
 .bss.ADXL_Z    0x0000000020000130       0x18 Core/Src/main.o
                0x0000000020000130                ADXL_Z
 .bss.MS_V      0x0000000020000148       0x18 Core/Src/main.o
                0x0000000020000148                MS_V
 .bss.MS_A      0x0000000020000160       0x18 Core/Src/main.o
                0x0000000020000160                MS_A
 .bss.ADXL      0x0000000020000178        0x1 Core/Src/main.o
                0x0000000020000178                ADXL
 .bss.ADXL_S    0x0000000020000179        0x1 Core/Src/main.o
                0x0000000020000179                ADXL_S
 .bss.MS5611    0x000000002000017a        0x1 Core/Src/main.o
                0x000000002000017a                MS5611
 .bss.MS_S      0x000000002000017b        0x1 Core/Src/main.o
                0x000000002000017b                MS_S
 .bss.ACC_FAIL  0x000000002000017c        0x1 Core/Src/main.o
                0x000000002000017c                ACC_FAIL
 .bss.final     0x000000002000017d        0x1 Core/Src/main.o
                0x000000002000017d                final
 .bss.k         0x000000002000017e        0x1 Core/Src/main.o
                0x000000002000017e                k
 *fill*         0x000000002000017f        0x1 
 .bss.tim1      0x0000000020000180        0x4 Core/Src/main.o
                0x0000000020000180                tim1
 .bss.tim2      0x0000000020000184        0x4 Core/Src/main.o
                0x0000000020000184                tim2
 .bss.dif       0x0000000020000188        0x4 Core/Src/main.o
                0x0000000020000188                dif
 .bss.alt_l     0x000000002000018c        0x4 Core/Src/main.o
                0x000000002000018c                alt_l
 *(COMMON)
 COMMON         0x0000000020000190        0x6 Core/Src/ADXL345.o
                0x0000000020000190                Ay
                0x0000000020000192                Ax
                0x0000000020000194                Az
 *fill*         0x0000000020000196        0x2 
 COMMON         0x0000000020000198      0x16c Core/Src/main.o
                0x0000000020000198                htim4
                0x00000000200001e0                hi2c1
                0x0000000020000234                MS
                0x000000002000023c                temp
                0x0000000020000240                htim3
                0x0000000020000288                hadc1
                0x00000000200002b8                press
                0x00000000200002bc                htim2
 COMMON         0x0000000020000304        0x4 Drivers/STM32F1xx_HAL_Driver/Src/stm32f1xx_hal.o
                0x0000000020000304                uwTick
                0x0000000020000308                . = ALIGN (0x4)
                0x0000000020000308                _ebss = .
                0x0000000020000308                __bss_end__ = _ebss

._user_heap_stack
                0x0000000020000308      0x600 load address 0x000000000800745c
                0x0000000020000308                . = ALIGN (0x8)
                [!provide]                        PROVIDE (end = .)
                0x0000000020000308                PROVIDE (_end = .)
                0x0000000020000508                . = (. + _Min_Heap_Size)
 *fill*         0x0000000020000308      0x200 
                0x0000000020000908                . = (. + _Min_Stack_Size)
 *fill*         0x0000000020000508      0x400 
                0x0000000020000908                . = ALIGN (0x8)

/DISCARD/
 libc.a(*)
 libm.a(*)
 libgcc.a(*)

.ARM.attributes
                0x0000000000000000       0x29
 *(.ARM.attributes)
 .ARM.attributes
                0x0000000000000000       0x1d c:/st/stm32cubeide_1.4.0/stm32cubeide/plugins/com.st.stm32cube.ide.mcu.externaltools.gnu-tools-for-stm32.7-2018-q2-update.win32_1.4.0.202007081208/tools/bin/../lib/gcc/arm-none-eabi/7.3.1/thumb/v7-m/crti.o
 .ARM.attributes
                0x000000000000001d       0x2d c:/st/stm32cubeide_1.4.0/stm32cubeide/plugins/com.st.stm32cube.ide.mcu.externaltools.gnu-tools-for-stm32.7-2018-q2-update.win32_1.4.0.202007081208/tools/bin/../lib/gcc/arm-none-eabi/7.3.1/thumb/v7-m/crtbegin.o
 .ARM.attributes
                0x000000000000004a       0x33 Core/Src/ADXL345.o
 .ARM.attributes
                0x000000000000007d       0x33 Core/Src/MS5611.o
 .ARM.attributes
                0x00000000000000b0       0x33 Core/Src/main.o
 .ARM.attributes
                0x00000000000000e3       0x33 Core/Src/stm32f1xx_hal_msp.o
 .ARM.attributes
                0x0000000000000116       0x33 Core/Src/stm32f1xx_it.o
 .ARM.attributes
                0x0000000000000149       0x33 Core/Src/system_stm32f1xx.o
 .ARM.attributes
                0x000000000000017c       0x21 Core/Startup/startup_stm32f102cbtx.o
 .ARM.attributes
                0x000000000000019d       0x33 Drivers/STM32F1xx_HAL_Driver/Src/stm32f1xx_hal.o
 .ARM.attributes
                0x00000000000001d0       0x33 Drivers/STM32F1xx_HAL_Driver/Src/stm32f1xx_hal_adc.o
 .ARM.attributes
                0x0000000000000203       0x33 Drivers/STM32F1xx_HAL_Driver/Src/stm32f1xx_hal_cortex.o
 .ARM.attributes
                0x0000000000000236       0x33 Drivers/STM32F1xx_HAL_Driver/Src/stm32f1xx_hal_gpio.o
 .ARM.attributes
                0x0000000000000269       0x33 Drivers/STM32F1xx_HAL_Driver/Src/stm32f1xx_hal_i2c.o
 .ARM.attributes
                0x000000000000029c       0x33 Drivers/STM32F1xx_HAL_Driver/Src/stm32f1xx_hal_rcc.o
 .ARM.attributes
                0x00000000000002cf       0x33 Drivers/STM32F1xx_HAL_Driver/Src/stm32f1xx_hal_rcc_ex.o
 .ARM.attributes
                0x0000000000000302       0x33 Drivers/STM32F1xx_HAL_Driver/Src/stm32f1xx_hal_tim.o
 .ARM.attributes
                0x0000000000000335       0x33 Drivers/STM32F1xx_HAL_Driver/Src/stm32f1xx_hal_tim_ex.o
 .ARM.attributes
                0x0000000000000368       0x2d c:/st/stm32cubeide_1.4.0/stm32cubeide/plugins/com.st.stm32cube.ide.mcu.externaltools.gnu-tools-for-stm32.7-2018-q2-update.win32_1.4.0.202007081208/tools/bin/../lib/gcc/arm-none-eabi/7.3.1/../../../../arm-none-eabi/lib/thumb/v7-m\libc_nano.a(lib_a-errno.o)
 .ARM.attributes
                0x0000000000000395       0x2d c:/st/stm32cubeide_1.4.0/stm32cubeide/plugins/com.st.stm32cube.ide.mcu.externaltools.gnu-tools-for-stm32.7-2018-q2-update.win32_1.4.0.202007081208/tools/bin/../lib/gcc/arm-none-eabi/7.3.1/../../../../arm-none-eabi/lib/thumb/v7-m\libc_nano.a(lib_a-impure.o)
 .ARM.attributes
                0x00000000000003c2       0x2d c:/st/stm32cubeide_1.4.0/stm32cubeide/plugins/com.st.stm32cube.ide.mcu.externaltools.gnu-tools-for-stm32.7-2018-q2-update.win32_1.4.0.202007081208/tools/bin/../lib/gcc/arm-none-eabi/7.3.1/../../../../arm-none-eabi/lib/thumb/v7-m\libc_nano.a(lib_a-init.o)
 .ARM.attributes
                0x00000000000003ef       0x2d c:/st/stm32cubeide_1.4.0/stm32cubeide/plugins/com.st.stm32cube.ide.mcu.externaltools.gnu-tools-for-stm32.7-2018-q2-update.win32_1.4.0.202007081208/tools/bin/../lib/gcc/arm-none-eabi/7.3.1/../../../../arm-none-eabi/lib/thumb/v7-m\libc_nano.a(lib_a-memset.o)
 .ARM.attributes
                0x000000000000041c       0x2d c:/st/stm32cubeide_1.4.0/stm32cubeide/plugins/com.st.stm32cube.ide.mcu.externaltools.gnu-tools-for-stm32.7-2018-q2-update.win32_1.4.0.202007081208/tools/bin/../lib/gcc/arm-none-eabi/7.3.1/../../../../arm-none-eabi/lib/thumb/v7-m\libm.a(lib_a-w_pow.o)
 .ARM.attributes
                0x0000000000000449       0x2d c:/st/stm32cubeide_1.4.0/stm32cubeide/plugins/com.st.stm32cube.ide.mcu.externaltools.gnu-tools-for-stm32.7-2018-q2-update.win32_1.4.0.202007081208/tools/bin/../lib/gcc/arm-none-eabi/7.3.1/../../../../arm-none-eabi/lib/thumb/v7-m\libm.a(lib_a-e_pow.o)
 .ARM.attributes
                0x0000000000000476       0x2d c:/st/stm32cubeide_1.4.0/stm32cubeide/plugins/com.st.stm32cube.ide.mcu.externaltools.gnu-tools-for-stm32.7-2018-q2-update.win32_1.4.0.202007081208/tools/bin/../lib/gcc/arm-none-eabi/7.3.1/../../../../arm-none-eabi/lib/thumb/v7-m\libm.a(lib_a-e_sqrt.o)
 .ARM.attributes
                0x00000000000004a3       0x2d c:/st/stm32cubeide_1.4.0/stm32cubeide/plugins/com.st.stm32cube.ide.mcu.externaltools.gnu-tools-for-stm32.7-2018-q2-update.win32_1.4.0.202007081208/tools/bin/../lib/gcc/arm-none-eabi/7.3.1/../../../../arm-none-eabi/lib/thumb/v7-m\libm.a(lib_a-s_fabs.o)
 .ARM.attributes
                0x00000000000004d0       0x2d c:/st/stm32cubeide_1.4.0/stm32cubeide/plugins/com.st.stm32cube.ide.mcu.externaltools.gnu-tools-for-stm32.7-2018-q2-update.win32_1.4.0.202007081208/tools/bin/../lib/gcc/arm-none-eabi/7.3.1/../../../../arm-none-eabi/lib/thumb/v7-m\libm.a(lib_a-s_finite.o)
 .ARM.attributes
                0x00000000000004fd       0x2d c:/st/stm32cubeide_1.4.0/stm32cubeide/plugins/com.st.stm32cube.ide.mcu.externaltools.gnu-tools-for-stm32.7-2018-q2-update.win32_1.4.0.202007081208/tools/bin/../lib/gcc/arm-none-eabi/7.3.1/../../../../arm-none-eabi/lib/thumb/v7-m\libm.a(lib_a-s_lib_ver.o)
 .ARM.attributes
                0x000000000000052a       0x2d c:/st/stm32cubeide_1.4.0/stm32cubeide/plugins/com.st.stm32cube.ide.mcu.externaltools.gnu-tools-for-stm32.7-2018-q2-update.win32_1.4.0.202007081208/tools/bin/../lib/gcc/arm-none-eabi/7.3.1/../../../../arm-none-eabi/lib/thumb/v7-m\libm.a(lib_a-s_matherr.o)
 .ARM.attributes
                0x0000000000000557       0x2d c:/st/stm32cubeide_1.4.0/stm32cubeide/plugins/com.st.stm32cube.ide.mcu.externaltools.gnu-tools-for-stm32.7-2018-q2-update.win32_1.4.0.202007081208/tools/bin/../lib/gcc/arm-none-eabi/7.3.1/../../../../arm-none-eabi/lib/thumb/v7-m\libm.a(lib_a-s_nan.o)
 .ARM.attributes
                0x0000000000000584       0x2d c:/st/stm32cubeide_1.4.0/stm32cubeide/plugins/com.st.stm32cube.ide.mcu.externaltools.gnu-tools-for-stm32.7-2018-q2-update.win32_1.4.0.202007081208/tools/bin/../lib/gcc/arm-none-eabi/7.3.1/../../../../arm-none-eabi/lib/thumb/v7-m\libm.a(lib_a-s_rint.o)
 .ARM.attributes
                0x00000000000005b1       0x2d c:/st/stm32cubeide_1.4.0/stm32cubeide/plugins/com.st.stm32cube.ide.mcu.externaltools.gnu-tools-for-stm32.7-2018-q2-update.win32_1.4.0.202007081208/tools/bin/../lib/gcc/arm-none-eabi/7.3.1/../../../../arm-none-eabi/lib/thumb/v7-m\libm.a(lib_a-s_scalbn.o)
 .ARM.attributes
                0x00000000000005de       0x2d c:/st/stm32cubeide_1.4.0/stm32cubeide/plugins/com.st.stm32cube.ide.mcu.externaltools.gnu-tools-for-stm32.7-2018-q2-update.win32_1.4.0.202007081208/tools/bin/../lib/gcc/arm-none-eabi/7.3.1/../../../../arm-none-eabi/lib/thumb/v7-m\libm.a(lib_a-s_copysign.o)
 .ARM.attributes
                0x000000000000060b       0x1d c:/st/stm32cubeide_1.4.0/stm32cubeide/plugins/com.st.stm32cube.ide.mcu.externaltools.gnu-tools-for-stm32.7-2018-q2-update.win32_1.4.0.202007081208/tools/bin/../lib/gcc/arm-none-eabi/7.3.1/thumb/v7-m\libgcc.a(_arm_addsubdf3.o)
 .ARM.attributes
                0x0000000000000628       0x1d c:/st/stm32cubeide_1.4.0/stm32cubeide/plugins/com.st.stm32cube.ide.mcu.externaltools.gnu-tools-for-stm32.7-2018-q2-update.win32_1.4.0.202007081208/tools/bin/../lib/gcc/arm-none-eabi/7.3.1/thumb/v7-m\libgcc.a(_arm_muldivdf3.o)
 .ARM.attributes
                0x0000000000000645       0x1d c:/st/stm32cubeide_1.4.0/stm32cubeide/plugins/com.st.stm32cube.ide.mcu.externaltools.gnu-tools-for-stm32.7-2018-q2-update.win32_1.4.0.202007081208/tools/bin/../lib/gcc/arm-none-eabi/7.3.1/thumb/v7-m\libgcc.a(_arm_cmpdf2.o)
 .ARM.attributes
                0x0000000000000662       0x1d c:/st/stm32cubeide_1.4.0/stm32cubeide/plugins/com.st.stm32cube.ide.mcu.externaltools.gnu-tools-for-stm32.7-2018-q2-update.win32_1.4.0.202007081208/tools/bin/../lib/gcc/arm-none-eabi/7.3.1/thumb/v7-m\libgcc.a(_arm_unorddf2.o)
 .ARM.attributes
                0x000000000000067f       0x1d c:/st/stm32cubeide_1.4.0/stm32cubeide/plugins/com.st.stm32cube.ide.mcu.externaltools.gnu-tools-for-stm32.7-2018-q2-update.win32_1.4.0.202007081208/tools/bin/../lib/gcc/arm-none-eabi/7.3.1/thumb/v7-m\libgcc.a(_arm_fixdfsi.o)
 .ARM.attributes
                0x000000000000069c       0x1d c:/st/stm32cubeide_1.4.0/stm32cubeide/plugins/com.st.stm32cube.ide.mcu.externaltools.gnu-tools-for-stm32.7-2018-q2-update.win32_1.4.0.202007081208/tools/bin/../lib/gcc/arm-none-eabi/7.3.1/thumb/v7-m\libgcc.a(_arm_truncdfsf2.o)
 .ARM.attributes
                0x00000000000006b9       0x1d c:/st/stm32cubeide_1.4.0/stm32cubeide/plugins/com.st.stm32cube.ide.mcu.externaltools.gnu-tools-for-stm32.7-2018-q2-update.win32_1.4.0.202007081208/tools/bin/../lib/gcc/arm-none-eabi/7.3.1/thumb/v7-m\libgcc.a(_arm_addsubsf3.o)
 .ARM.attributes
                0x00000000000006d6       0x1d c:/st/stm32cubeide_1.4.0/stm32cubeide/plugins/com.st.stm32cube.ide.mcu.externaltools.gnu-tools-for-stm32.7-2018-q2-update.win32_1.4.0.202007081208/tools/bin/../lib/gcc/arm-none-eabi/7.3.1/thumb/v7-m\libgcc.a(_arm_muldivsf3.o)
 .ARM.attributes
                0x00000000000006f3       0x1d c:/st/stm32cubeide_1.4.0/stm32cubeide/plugins/com.st.stm32cube.ide.mcu.externaltools.gnu-tools-for-stm32.7-2018-q2-update.win32_1.4.0.202007081208/tools/bin/../lib/gcc/arm-none-eabi/7.3.1/thumb/v7-m\libgcc.a(_arm_cmpsf2.o)
 .ARM.attributes
                0x0000000000000710       0x2d c:/st/stm32cubeide_1.4.0/stm32cubeide/plugins/com.st.stm32cube.ide.mcu.externaltools.gnu-tools-for-stm32.7-2018-q2-update.win32_1.4.0.202007081208/tools/bin/../lib/gcc/arm-none-eabi/7.3.1/thumb/v7-m\libgcc.a(_fixsfdi.o)
 .ARM.attributes
                0x000000000000073d       0x2d c:/st/stm32cubeide_1.4.0/stm32cubeide/plugins/com.st.stm32cube.ide.mcu.externaltools.gnu-tools-for-stm32.7-2018-q2-update.win32_1.4.0.202007081208/tools/bin/../lib/gcc/arm-none-eabi/7.3.1/thumb/v7-m\libgcc.a(_fixunssfdi.o)
 .ARM.attributes
                0x000000000000076a       0x1d c:/st/stm32cubeide_1.4.0/stm32cubeide/plugins/com.st.stm32cube.ide.mcu.externaltools.gnu-tools-for-stm32.7-2018-q2-update.win32_1.4.0.202007081208/tools/bin/../lib/gcc/arm-none-eabi/7.3.1/thumb/v7-m\libgcc.a(_arm_fixunsdfsi.o)
 .ARM.attributes
                0x0000000000000787       0x1d c:/st/stm32cubeide_1.4.0/stm32cubeide/plugins/com.st.stm32cube.ide.mcu.externaltools.gnu-tools-for-stm32.7-2018-q2-update.win32_1.4.0.202007081208/tools/bin/../lib/gcc/arm-none-eabi/7.3.1/thumb/v7-m/crtn.o
OUTPUT(IGNITIONV3.elf elf32-littlearm)

.debug_info     0x0000000000000000     0xdcc9
 .debug_info    0x0000000000000000      0x92a Core/Src/ADXL345.o
 .debug_info    0x000000000000092a     0x12a8 Core/Src/MS5611.o
 .debug_info    0x0000000000001bd2     0x1473 Core/Src/main.o
 .debug_info    0x0000000000003045     0x1010 Core/Src/stm32f1xx_hal_msp.o
 .debug_info    0x0000000000004055      0x76b Core/Src/stm32f1xx_it.o
 .debug_info    0x00000000000047c0      0x29a Core/Src/system_stm32f1xx.o
 .debug_info    0x0000000000004a5a       0x22 Core/Startup/startup_stm32f102cbtx.o
 .debug_info    0x0000000000004a7c      0x6ec Drivers/STM32F1xx_HAL_Driver/Src/stm32f1xx_hal.o
 .debug_info    0x0000000000005168      0xc62 Drivers/STM32F1xx_HAL_Driver/Src/stm32f1xx_hal_adc.o
 .debug_info    0x0000000000005dca      0xb2d Drivers/STM32F1xx_HAL_Driver/Src/stm32f1xx_hal_cortex.o
 .debug_info    0x00000000000068f7      0x693 Drivers/STM32F1xx_HAL_Driver/Src/stm32f1xx_hal_gpio.o
 .debug_info    0x0000000000006f8a     0x2564 Drivers/STM32F1xx_HAL_Driver/Src/stm32f1xx_hal_i2c.o
 .debug_info    0x00000000000094ee      0x80f Drivers/STM32F1xx_HAL_Driver/Src/stm32f1xx_hal_rcc.o
 .debug_info    0x0000000000009cfd      0x444 Drivers/STM32F1xx_HAL_Driver/Src/stm32f1xx_hal_rcc_ex.o
 .debug_info    0x000000000000a141     0x27e7 Drivers/STM32F1xx_HAL_Driver/Src/stm32f1xx_hal_tim.o
 .debug_info    0x000000000000c928     0x13a1 Drivers/STM32F1xx_HAL_Driver/Src/stm32f1xx_hal_tim_ex.o

.debug_abbrev   0x0000000000000000     0x1e06
 .debug_abbrev  0x0000000000000000      0x1f5 Core/Src/ADXL345.o
 .debug_abbrev  0x00000000000001f5      0x266 Core/Src/MS5611.o
 .debug_abbrev  0x000000000000045b      0x266 Core/Src/main.o
 .debug_abbrev  0x00000000000006c1      0x1cf Core/Src/stm32f1xx_hal_msp.o
 .debug_abbrev  0x0000000000000890      0x169 Core/Src/stm32f1xx_it.o
 .debug_abbrev  0x00000000000009f9      0x134 Core/Src/system_stm32f1xx.o
 .debug_abbrev  0x0000000000000b2d       0x12 Core/Startup/startup_stm32f102cbtx.o
 .debug_abbrev  0x0000000000000b3f      0x1f2 Drivers/STM32F1xx_HAL_Driver/Src/stm32f1xx_hal.o
 .debug_abbrev  0x0000000000000d31      0x19d Drivers/STM32F1xx_HAL_Driver/Src/stm32f1xx_hal_adc.o
 .debug_abbrev  0x0000000000000ece      0x2d5 Drivers/STM32F1xx_HAL_Driver/Src/stm32f1xx_hal_cortex.o
 .debug_abbrev  0x00000000000011a3      0x1c0 Drivers/STM32F1xx_HAL_Driver/Src/stm32f1xx_hal_gpio.o
 .debug_abbrev  0x0000000000001363      0x267 Drivers/STM32F1xx_HAL_Driver/Src/stm32f1xx_hal_i2c.o
 .debug_abbrev  0x00000000000015ca      0x243 Drivers/STM32F1xx_HAL_Driver/Src/stm32f1xx_hal_rcc.o
 .debug_abbrev  0x000000000000180d      0x175 Drivers/STM32F1xx_HAL_Driver/Src/stm32f1xx_hal_rcc_ex.o
 .debug_abbrev  0x0000000000001982      0x23f Drivers/STM32F1xx_HAL_Driver/Src/stm32f1xx_hal_tim.o
 .debug_abbrev  0x0000000000001bc1      0x245 Drivers/STM32F1xx_HAL_Driver/Src/stm32f1xx_hal_tim_ex.o

.debug_aranges  0x0000000000000000      0xdd8
 .debug_aranges
                0x0000000000000000       0x58 Core/Src/ADXL345.o
 .debug_aranges
                0x0000000000000058       0x48 Core/Src/MS5611.o
 .debug_aranges
                0x00000000000000a0       0x68 Core/Src/main.o
 .debug_aranges
                0x0000000000000108       0x50 Core/Src/stm32f1xx_hal_msp.o
 .debug_aranges
                0x0000000000000158       0x70 Core/Src/stm32f1xx_it.o
 .debug_aranges
                0x00000000000001c8       0x28 Core/Src/system_stm32f1xx.o
 .debug_aranges
                0x00000000000001f0       0x28 Core/Startup/startup_stm32f102cbtx.o
 .debug_aranges
                0x0000000000000218       0xe0 Drivers/STM32F1xx_HAL_Driver/Src/stm32f1xx_hal.o
 .debug_aranges
                0x00000000000002f8       0xf0 Drivers/STM32F1xx_HAL_Driver/Src/stm32f1xx_hal_adc.o
 .debug_aranges
                0x00000000000003e8      0x100 Drivers/STM32F1xx_HAL_Driver/Src/stm32f1xx_hal_cortex.o
 .debug_aranges
                0x00000000000004e8       0x58 Drivers/STM32F1xx_HAL_Driver/Src/stm32f1xx_hal_gpio.o
 .debug_aranges
                0x0000000000000540      0x2a0 Drivers/STM32F1xx_HAL_Driver/Src/stm32f1xx_hal_i2c.o
 .debug_aranges
                0x00000000000007e0       0x90 Drivers/STM32F1xx_HAL_Driver/Src/stm32f1xx_hal_rcc.o
 .debug_aranges
                0x0000000000000870       0x30 Drivers/STM32F1xx_HAL_Driver/Src/stm32f1xx_hal_rcc_ex.o
 .debug_aranges
                0x00000000000008a0      0x3d0 Drivers/STM32F1xx_HAL_Driver/Src/stm32f1xx_hal_tim.o
 .debug_aranges
                0x0000000000000c70      0x168 Drivers/STM32F1xx_HAL_Driver/Src/stm32f1xx_hal_tim_ex.o

.debug_ranges   0x0000000000000000      0xd08
 .debug_ranges  0x0000000000000000       0x48 Core/Src/ADXL345.o
 .debug_ranges  0x0000000000000048       0x38 Core/Src/MS5611.o
 .debug_ranges  0x0000000000000080       0x58 Core/Src/main.o
 .debug_ranges  0x00000000000000d8       0x40 Core/Src/stm32f1xx_hal_msp.o
 .debug_ranges  0x0000000000000118       0x60 Core/Src/stm32f1xx_it.o
 .debug_ranges  0x0000000000000178       0x18 Core/Src/system_stm32f1xx.o
 .debug_ranges  0x0000000000000190       0x20 Core/Startup/startup_stm32f102cbtx.o
 .debug_ranges  0x00000000000001b0       0xd0 Drivers/STM32F1xx_HAL_Driver/Src/stm32f1xx_hal.o
 .debug_ranges  0x0000000000000280       0xe0 Drivers/STM32F1xx_HAL_Driver/Src/stm32f1xx_hal_adc.o
 .debug_ranges  0x0000000000000360       0xf0 Drivers/STM32F1xx_HAL_Driver/Src/stm32f1xx_hal_cortex.o
 .debug_ranges  0x0000000000000450       0x48 Drivers/STM32F1xx_HAL_Driver/Src/stm32f1xx_hal_gpio.o
 .debug_ranges  0x0000000000000498      0x2b8 Drivers/STM32F1xx_HAL_Driver/Src/stm32f1xx_hal_i2c.o
 .debug_ranges  0x0000000000000750       0x80 Drivers/STM32F1xx_HAL_Driver/Src/stm32f1xx_hal_rcc.o
 .debug_ranges  0x00000000000007d0       0x20 Drivers/STM32F1xx_HAL_Driver/Src/stm32f1xx_hal_rcc_ex.o
 .debug_ranges  0x00000000000007f0      0x3c0 Drivers/STM32F1xx_HAL_Driver/Src/stm32f1xx_hal_tim.o
 .debug_ranges  0x0000000000000bb0      0x158 Drivers/STM32F1xx_HAL_Driver/Src/stm32f1xx_hal_tim_ex.o

.debug_macro    0x0000000000000000    0x127b8
 .debug_macro   0x0000000000000000      0x1c3 Core/Src/ADXL345.o
 .debug_macro   0x00000000000001c3      0xa5a Core/Src/ADXL345.o
 .debug_macro   0x0000000000000c1d      0x221 Core/Src/ADXL345.o
 .debug_macro   0x0000000000000e3e       0x2e Core/Src/ADXL345.o
 .debug_macro   0x0000000000000e6c       0x22 Core/Src/ADXL345.o
 .debug_macro   0x0000000000000e8e       0x22 Core/Src/ADXL345.o
 .debug_macro   0x0000000000000eb0       0x8e Core/Src/ADXL345.o
 .debug_macro   0x0000000000000f3e       0x51 Core/Src/ADXL345.o
 .debug_macro   0x0000000000000f8f       0xef Core/Src/ADXL345.o
 .debug_macro   0x000000000000107e       0x6a Core/Src/ADXL345.o
 .debug_macro   0x00000000000010e8      0x1df Core/Src/ADXL345.o
 .debug_macro   0x00000000000012c7       0x1c Core/Src/ADXL345.o
 .debug_macro   0x00000000000012e3       0x22 Core/Src/ADXL345.o
 .debug_macro   0x0000000000001305       0xc3 Core/Src/ADXL345.o
 .debug_macro   0x00000000000013c8      0xd23 Core/Src/ADXL345.o
 .debug_macro   0x00000000000020eb     0x82f0 Core/Src/ADXL345.o
 .debug_macro   0x000000000000a3db       0x6d Core/Src/ADXL345.o
 .debug_macro   0x000000000000a448     0x3468 Core/Src/ADXL345.o
 .debug_macro   0x000000000000d8b0      0x174 Core/Src/ADXL345.o
 .debug_macro   0x000000000000da24       0x5c Core/Src/ADXL345.o
 .debug_macro   0x000000000000da80      0x5be Core/Src/ADXL345.o
 .debug_macro   0x000000000000e03e      0x20b Core/Src/ADXL345.o
 .debug_macro   0x000000000000e249      0x1cb Core/Src/ADXL345.o
 .debug_macro   0x000000000000e414      0x114 Core/Src/ADXL345.o
 .debug_macro   0x000000000000e528      0x19d Core/Src/ADXL345.o
 .debug_macro   0x000000000000e6c5       0x27 Core/Src/ADXL345.o
 .debug_macro   0x000000000000e6ec      0x12f Core/Src/ADXL345.o
 .debug_macro   0x000000000000e81b      0x1bc Core/Src/ADXL345.o
 .debug_macro   0x000000000000e9d7       0x34 Core/Src/ADXL345.o
 .debug_macro   0x000000000000ea0b       0x3c Core/Src/ADXL345.o
 .debug_macro   0x000000000000ea47       0x57 Core/Src/ADXL345.o
 .debug_macro   0x000000000000ea9e      0x46a Core/Src/ADXL345.o
 .debug_macro   0x000000000000ef08      0x15a Core/Src/ADXL345.o
 .debug_macro   0x000000000000f062       0x88 Core/Src/ADXL345.o
 .debug_macro   0x000000000000f0ea      0x241 Core/Src/ADXL345.o
 .debug_macro   0x000000000000f32b      0x287 Core/Src/ADXL345.o
 .debug_macro   0x000000000000f5b2      0x141 Core/Src/ADXL345.o
 .debug_macro   0x000000000000f6f3      0x8d1 Core/Src/ADXL345.o
 .debug_macro   0x000000000000ffc4       0x67 Core/Src/ADXL345.o
 .debug_macro   0x000000000001002b       0x16 Core/Src/ADXL345.o
 .debug_macro   0x0000000000010041      0x326 Core/Src/MS5611.o
 .debug_macro   0x0000000000010367       0x10 Core/Src/MS5611.o
 .debug_macro   0x0000000000010377       0x46 Core/Src/MS5611.o
 .debug_macro   0x00000000000103bd       0x18 Core/Src/MS5611.o
 .debug_macro   0x00000000000103d5       0x3c Core/Src/MS5611.o
 .debug_macro   0x0000000000010411       0x34 Core/Src/MS5611.o
 .debug_macro   0x0000000000010445       0x52 Core/Src/MS5611.o
 .debug_macro   0x0000000000010497       0x1f Core/Src/MS5611.o
 .debug_macro   0x00000000000104b6       0x43 Core/Src/MS5611.o
 .debug_macro   0x00000000000104f9       0x20 Core/Src/MS5611.o
 .debug_macro   0x0000000000010519      0x1a3 Core/Src/MS5611.o
 .debug_macro   0x00000000000106bc      0x32a Core/Src/MS5611.o
 .debug_macro   0x00000000000109e6      0x1e1 Core/Src/MS5611.o
 .debug_macro   0x0000000000010bc7       0x1c Core/Src/MS5611.o
 .debug_macro   0x0000000000010be3       0x35 Core/Src/MS5611.o
 .debug_macro   0x0000000000010c18       0x10 Core/Src/MS5611.o
 .debug_macro   0x0000000000010c28       0x10 Core/Src/MS5611.o
 .debug_macro   0x0000000000010c38       0x1c Core/Src/MS5611.o
 .debug_macro   0x0000000000010c54       0x52 Core/Src/MS5611.o
 .debug_macro   0x0000000000010ca6       0x40 Core/Src/MS5611.o
 .debug_macro   0x0000000000010ce6       0x10 Core/Src/MS5611.o
 .debug_macro   0x0000000000010cf6       0x40 Core/Src/MS5611.o
 .debug_macro   0x0000000000010d36       0xd7 Core/Src/MS5611.o
 .debug_macro   0x0000000000010e0d       0x1c Core/Src/MS5611.o
 .debug_macro   0x0000000000010e29       0x3d Core/Src/MS5611.o
 .debug_macro   0x0000000000010e66       0x16 Core/Src/MS5611.o
 .debug_macro   0x0000000000010e7c      0x145 Core/Src/MS5611.o
 .debug_macro   0x0000000000010fc1      0x1db Core/Src/main.o
 .debug_macro   0x000000000001119c       0x4c Core/Src/main.o
 .debug_macro   0x00000000000111e8       0x1c Core/Src/main.o
 .debug_macro   0x0000000000011204       0x16 Core/Src/main.o
 .debug_macro   0x000000000001121a      0x1c3 Core/Src/stm32f1xx_hal_msp.o
 .debug_macro   0x00000000000113dd      0x1cd Core/Src/stm32f1xx_it.o
 .debug_macro   0x00000000000115aa      0x1b4 Core/Src/system_stm32f1xx.o
 .debug_macro   0x000000000001175e      0x1d8 Drivers/STM32F1xx_HAL_Driver/Src/stm32f1xx_hal.o
 .debug_macro   0x0000000000011936      0x1d1 Drivers/STM32F1xx_HAL_Driver/Src/stm32f1xx_hal_adc.o
 .debug_macro   0x0000000000011b07      0x1b4 Drivers/STM32F1xx_HAL_Driver/Src/stm32f1xx_hal_cortex.o
 .debug_macro   0x0000000000011cbb      0x21f Drivers/STM32F1xx_HAL_Driver/Src/stm32f1xx_hal_gpio.o
 .debug_macro   0x0000000000011eda      0x1fb Drivers/STM32F1xx_HAL_Driver/Src/stm32f1xx_hal_i2c.o
 .debug_macro   0x00000000000120d5      0x1c6 Drivers/STM32F1xx_HAL_Driver/Src/stm32f1xx_hal_rcc.o
 .debug_macro   0x000000000001229b      0x1b4 Drivers/STM32F1xx_HAL_Driver/Src/stm32f1xx_hal_rcc_ex.o
 .debug_macro   0x000000000001244f      0x1b5 Drivers/STM32F1xx_HAL_Driver/Src/stm32f1xx_hal_tim.o
 .debug_macro   0x0000000000012604      0x1b4 Drivers/STM32F1xx_HAL_Driver/Src/stm32f1xx_hal_tim_ex.o

.debug_line     0x0000000000000000     0xb3dd
 .debug_line    0x0000000000000000      0x781 Core/Src/ADXL345.o
 .debug_line    0x0000000000000781      0x987 Core/Src/MS5611.o
 .debug_line    0x0000000000001108      0x995 Core/Src/main.o
 .debug_line    0x0000000000001a9d      0x74a Core/Src/stm32f1xx_hal_msp.o
 .debug_line    0x00000000000021e7      0x771 Core/Src/stm32f1xx_it.o
 .debug_line    0x0000000000002958      0x6cf Core/Src/system_stm32f1xx.o
 .debug_line    0x0000000000003027       0x87 Core/Startup/startup_stm32f102cbtx.o
 .debug_line    0x00000000000030ae      0x882 Drivers/STM32F1xx_HAL_Driver/Src/stm32f1xx_hal.o
 .debug_line    0x0000000000003930      0xb54 Drivers/STM32F1xx_HAL_Driver/Src/stm32f1xx_hal_adc.o
 .debug_line    0x0000000000004484      0x959 Drivers/STM32F1xx_HAL_Driver/Src/stm32f1xx_hal_cortex.o
 .debug_line    0x0000000000004ddd      0x86a Drivers/STM32F1xx_HAL_Driver/Src/stm32f1xx_hal_gpio.o
 .debug_line    0x0000000000005647     0x1c94 Drivers/STM32F1xx_HAL_Driver/Src/stm32f1xx_hal_i2c.o
 .debug_line    0x00000000000072db      0x942 Drivers/STM32F1xx_HAL_Driver/Src/stm32f1xx_hal_rcc.o
 .debug_line    0x0000000000007c1d      0x760 Drivers/STM32F1xx_HAL_Driver/Src/stm32f1xx_hal_rcc_ex.o
 .debug_line    0x000000000000837d     0x1f1b Drivers/STM32F1xx_HAL_Driver/Src/stm32f1xx_hal_tim.o
 .debug_line    0x000000000000a298     0x1145 Drivers/STM32F1xx_HAL_Driver/Src/stm32f1xx_hal_tim_ex.o

.debug_str      0x0000000000000000    0x72070
 .debug_str     0x0000000000000000    0x69b9a Core/Src/ADXL345.o
                                      0x69f1c (size before relaxing)
 .debug_str     0x0000000000069b9a     0x4a3d Core/Src/MS5611.o
                                      0x6e85e (size before relaxing)
 .debug_str     0x000000000006e5d7      0x884 Core/Src/main.o
                                      0x6a731 (size before relaxing)
 .debug_str     0x000000000006ee5b      0x319 Core/Src/stm32f1xx_hal_msp.o
                                      0x6a5eb (size before relaxing)
 .debug_str     0x000000000006f174       0xdd Core/Src/stm32f1xx_it.o
                                      0x69f4d (size before relaxing)
 .debug_str     0x000000000006f251       0x52 Core/Src/system_stm32f1xx.o
                                      0x6991e (size before relaxing)
 .debug_str     0x000000000006f2a3       0x36 Core/Startup/startup_stm32f102cbtx.o
                                         0x6c (size before relaxing)
 .debug_str     0x000000000006f2d9      0x304 Drivers/STM32F1xx_HAL_Driver/Src/stm32f1xx_hal.o
                                      0x69f46 (size before relaxing)
 .debug_str     0x000000000006f5dd      0x357 Drivers/STM32F1xx_HAL_Driver/Src/stm32f1xx_hal_adc.o
                                      0x69fae (size before relaxing)
 .debug_str     0x000000000006f934      0x300 Drivers/STM32F1xx_HAL_Driver/Src/stm32f1xx_hal_cortex.o
                                      0x69f4e (size before relaxing)
 .debug_str     0x000000000006fc34      0x31f Drivers/STM32F1xx_HAL_Driver/Src/stm32f1xx_hal_gpio.o
                                      0x69ce2 (size before relaxing)
 .debug_str     0x000000000006ff53      0xb4f Drivers/STM32F1xx_HAL_Driver/Src/stm32f1xx_hal_i2c.o
                                      0x6a95a (size before relaxing)
 .debug_str     0x0000000000070aa2      0x244 Drivers/STM32F1xx_HAL_Driver/Src/stm32f1xx_hal_rcc.o
                                      0x69d1b (size before relaxing)
 .debug_str     0x0000000000070ce6       0xb9 Drivers/STM32F1xx_HAL_Driver/Src/stm32f1xx_hal_rcc_ex.o
                                      0x69aa8 (size before relaxing)
 .debug_str     0x0000000000070d9f      0xde3 Drivers/STM32F1xx_HAL_Driver/Src/stm32f1xx_hal_tim.o
                                      0x6aced (size before relaxing)
 .debug_str     0x0000000000071b82      0x4ee Drivers/STM32F1xx_HAL_Driver/Src/stm32f1xx_hal_tim_ex.o
                                      0x6a49e (size before relaxing)

.comment        0x0000000000000000       0x7b
 .comment       0x0000000000000000       0x7b Core/Src/ADXL345.o
                                         0x7c (size before relaxing)
 .comment       0x000000000000007b       0x7c Core/Src/MS5611.o
 .comment       0x000000000000007b       0x7c Core/Src/main.o
 .comment       0x000000000000007b       0x7c Core/Src/stm32f1xx_hal_msp.o
 .comment       0x000000000000007b       0x7c Core/Src/stm32f1xx_it.o
 .comment       0x000000000000007b       0x7c Core/Src/system_stm32f1xx.o
 .comment       0x000000000000007b       0x7c Drivers/STM32F1xx_HAL_Driver/Src/stm32f1xx_hal.o
 .comment       0x000000000000007b       0x7c Drivers/STM32F1xx_HAL_Driver/Src/stm32f1xx_hal_adc.o
 .comment       0x000000000000007b       0x7c Drivers/STM32F1xx_HAL_Driver/Src/stm32f1xx_hal_cortex.o
 .comment       0x000000000000007b       0x7c Drivers/STM32F1xx_HAL_Driver/Src/stm32f1xx_hal_gpio.o
 .comment       0x000000000000007b       0x7c Drivers/STM32F1xx_HAL_Driver/Src/stm32f1xx_hal_i2c.o
 .comment       0x000000000000007b       0x7c Drivers/STM32F1xx_HAL_Driver/Src/stm32f1xx_hal_rcc.o
 .comment       0x000000000000007b       0x7c Drivers/STM32F1xx_HAL_Driver/Src/stm32f1xx_hal_rcc_ex.o
 .comment       0x000000000000007b       0x7c Drivers/STM32F1xx_HAL_Driver/Src/stm32f1xx_hal_tim.o
 .comment       0x000000000000007b       0x7c Drivers/STM32F1xx_HAL_Driver/Src/stm32f1xx_hal_tim_ex.o

.debug_frame    0x0000000000000000     0x4024
 .debug_frame   0x0000000000000000      0x128 Core/Src/ADXL345.o
 .debug_frame   0x0000000000000128      0x100 Core/Src/MS5611.o
 .debug_frame   0x0000000000000228      0x16c Core/Src/main.o
 .debug_frame   0x0000000000000394      0x110 Core/Src/stm32f1xx_hal_msp.o
 .debug_frame   0x00000000000004a4      0x144 Core/Src/stm32f1xx_it.o
 .debug_frame   0x00000000000005e8       0x58 Core/Src/system_stm32f1xx.o
 .debug_frame   0x0000000000000640      0x334 Drivers/STM32F1xx_HAL_Driver/Src/stm32f1xx_hal.o
 .debug_frame   0x0000000000000974      0x40c Drivers/STM32F1xx_HAL_Driver/Src/stm32f1xx_hal_adc.o
 .debug_frame   0x0000000000000d80      0x428 Drivers/STM32F1xx_HAL_Driver/Src/stm32f1xx_hal_cortex.o
 .debug_frame   0x00000000000011a8      0x14c Drivers/STM32F1xx_HAL_Driver/Src/stm32f1xx_hal_gpio.o
 .debug_frame   0x00000000000012f4      0xc5c Drivers/STM32F1xx_HAL_Driver/Src/stm32f1xx_hal_i2c.o
 .debug_frame   0x0000000000001f50      0x21c Drivers/STM32F1xx_HAL_Driver/Src/stm32f1xx_hal_rcc.o
 .debug_frame   0x000000000000216c       0x84 Drivers/STM32F1xx_HAL_Driver/Src/stm32f1xx_hal_rcc_ex.o
 .debug_frame   0x00000000000021f0     0x11b8 Drivers/STM32F1xx_HAL_Driver/Src/stm32f1xx_hal_tim.o
 .debug_frame   0x00000000000033a8      0x638 Drivers/STM32F1xx_HAL_Driver/Src/stm32f1xx_hal_tim_ex.o
 .debug_frame   0x00000000000039e0       0x20 c:/st/stm32cubeide_1.4.0/stm32cubeide/plugins/com.st.stm32cube.ide.mcu.externaltools.gnu-tools-for-stm32.7-2018-q2-update.win32_1.4.0.202007081208/tools/bin/../lib/gcc/arm-none-eabi/7.3.1/../../../../arm-none-eabi/lib/thumb/v7-m\libc_nano.a(lib_a-errno.o)
 .debug_frame   0x0000000000003a00       0x2c c:/st/stm32cubeide_1.4.0/stm32cubeide/plugins/com.st.stm32cube.ide.mcu.externaltools.gnu-tools-for-stm32.7-2018-q2-update.win32_1.4.0.202007081208/tools/bin/../lib/gcc/arm-none-eabi/7.3.1/../../../../arm-none-eabi/lib/thumb/v7-m\libc_nano.a(lib_a-init.o)
 .debug_frame   0x0000000000003a2c       0x20 c:/st/stm32cubeide_1.4.0/stm32cubeide/plugins/com.st.stm32cube.ide.mcu.externaltools.gnu-tools-for-stm32.7-2018-q2-update.win32_1.4.0.202007081208/tools/bin/../lib/gcc/arm-none-eabi/7.3.1/../../../../arm-none-eabi/lib/thumb/v7-m\libc_nano.a(lib_a-memset.o)
 .debug_frame   0x0000000000003a4c       0x40 c:/st/stm32cubeide_1.4.0/stm32cubeide/plugins/com.st.stm32cube.ide.mcu.externaltools.gnu-tools-for-stm32.7-2018-q2-update.win32_1.4.0.202007081208/tools/bin/../lib/gcc/arm-none-eabi/7.3.1/../../../../arm-none-eabi/lib/thumb/v7-m\libm.a(lib_a-w_pow.o)
 .debug_frame   0x0000000000003a8c       0x64 c:/st/stm32cubeide_1.4.0/stm32cubeide/plugins/com.st.stm32cube.ide.mcu.externaltools.gnu-tools-for-stm32.7-2018-q2-update.win32_1.4.0.202007081208/tools/bin/../lib/gcc/arm-none-eabi/7.3.1/../../../../arm-none-eabi/lib/thumb/v7-m\libm.a(lib_a-e_pow.o)
 .debug_frame   0x0000000000003af0       0x30 c:/st/stm32cubeide_1.4.0/stm32cubeide/plugins/com.st.stm32cube.ide.mcu.externaltools.gnu-tools-for-stm32.7-2018-q2-update.win32_1.4.0.202007081208/tools/bin/../lib/gcc/arm-none-eabi/7.3.1/../../../../arm-none-eabi/lib/thumb/v7-m\libm.a(lib_a-e_sqrt.o)
 .debug_frame   0x0000000000003b20       0x20 c:/st/stm32cubeide_1.4.0/stm32cubeide/plugins/com.st.stm32cube.ide.mcu.externaltools.gnu-tools-for-stm32.7-2018-q2-update.win32_1.4.0.202007081208/tools/bin/../lib/gcc/arm-none-eabi/7.3.1/../../../../arm-none-eabi/lib/thumb/v7-m\libm.a(lib_a-s_fabs.o)
 .debug_frame   0x0000000000003b40       0x20 c:/st/stm32cubeide_1.4.0/stm32cubeide/plugins/com.st.stm32cube.ide.mcu.externaltools.gnu-tools-for-stm32.7-2018-q2-update.win32_1.4.0.202007081208/tools/bin/../lib/gcc/arm-none-eabi/7.3.1/../../../../arm-none-eabi/lib/thumb/v7-m\libm.a(lib_a-s_finite.o)
 .debug_frame   0x0000000000003b60       0x20 c:/st/stm32cubeide_1.4.0/stm32cubeide/plugins/com.st.stm32cube.ide.mcu.externaltools.gnu-tools-for-stm32.7-2018-q2-update.win32_1.4.0.202007081208/tools/bin/../lib/gcc/arm-none-eabi/7.3.1/../../../../arm-none-eabi/lib/thumb/v7-m\libm.a(lib_a-s_matherr.o)
 .debug_frame   0x0000000000003b80       0x20 c:/st/stm32cubeide_1.4.0/stm32cubeide/plugins/com.st.stm32cube.ide.mcu.externaltools.gnu-tools-for-stm32.7-2018-q2-update.win32_1.4.0.202007081208/tools/bin/../lib/gcc/arm-none-eabi/7.3.1/../../../../arm-none-eabi/lib/thumb/v7-m\libm.a(lib_a-s_nan.o)
 .debug_frame   0x0000000000003ba0       0x34 c:/st/stm32cubeide_1.4.0/stm32cubeide/plugins/com.st.stm32cube.ide.mcu.externaltools.gnu-tools-for-stm32.7-2018-q2-update.win32_1.4.0.202007081208/tools/bin/../lib/gcc/arm-none-eabi/7.3.1/../../../../arm-none-eabi/lib/thumb/v7-m\libm.a(lib_a-s_rint.o)
 .debug_frame   0x0000000000003bd4       0x30 c:/st/stm32cubeide_1.4.0/stm32cubeide/plugins/com.st.stm32cube.ide.mcu.externaltools.gnu-tools-for-stm32.7-2018-q2-update.win32_1.4.0.202007081208/tools/bin/../lib/gcc/arm-none-eabi/7.3.1/../../../../arm-none-eabi/lib/thumb/v7-m\libm.a(lib_a-s_scalbn.o)
 .debug_frame   0x0000000000003c04       0x2c c:/st/stm32cubeide_1.4.0/stm32cubeide/plugins/com.st.stm32cube.ide.mcu.externaltools.gnu-tools-for-stm32.7-2018-q2-update.win32_1.4.0.202007081208/tools/bin/../lib/gcc/arm-none-eabi/7.3.1/../../../../arm-none-eabi/lib/thumb/v7-m\libm.a(lib_a-s_copysign.o)
 .debug_frame   0x0000000000003c30       0xac c:/st/stm32cubeide_1.4.0/stm32cubeide/plugins/com.st.stm32cube.ide.mcu.externaltools.gnu-tools-for-stm32.7-2018-q2-update.win32_1.4.0.202007081208/tools/bin/../lib/gcc/arm-none-eabi/7.3.1/thumb/v7-m\libgcc.a(_arm_addsubdf3.o)
 .debug_frame   0x0000000000003cdc       0x50 c:/st/stm32cubeide_1.4.0/stm32cubeide/plugins/com.st.stm32cube.ide.mcu.externaltools.gnu-tools-for-stm32.7-2018-q2-update.win32_1.4.0.202007081208/tools/bin/../lib/gcc/arm-none-eabi/7.3.1/thumb/v7-m\libgcc.a(_arm_muldivdf3.o)
 .debug_frame   0x0000000000003d2c       0xc4 c:/st/stm32cubeide_1.4.0/stm32cubeide/plugins/com.st.stm32cube.ide.mcu.externaltools.gnu-tools-for-stm32.7-2018-q2-update.win32_1.4.0.202007081208/tools/bin/../lib/gcc/arm-none-eabi/7.3.1/thumb/v7-m\libgcc.a(_arm_cmpdf2.o)
 .debug_frame   0x0000000000003df0       0x20 c:/st/stm32cubeide_1.4.0/stm32cubeide/plugins/com.st.stm32cube.ide.mcu.externaltools.gnu-tools-for-stm32.7-2018-q2-update.win32_1.4.0.202007081208/tools/bin/../lib/gcc/arm-none-eabi/7.3.1/thumb/v7-m\libgcc.a(_arm_unorddf2.o)
 .debug_frame   0x0000000000003e10       0x24 c:/st/stm32cubeide_1.4.0/stm32cubeide/plugins/com.st.stm32cube.ide.mcu.externaltools.gnu-tools-for-stm32.7-2018-q2-update.win32_1.4.0.202007081208/tools/bin/../lib/gcc/arm-none-eabi/7.3.1/thumb/v7-m\libgcc.a(_arm_fixdfsi.o)
 .debug_frame   0x0000000000003e34       0x24 c:/st/stm32cubeide_1.4.0/stm32cubeide/plugins/com.st.stm32cube.ide.mcu.externaltools.gnu-tools-for-stm32.7-2018-q2-update.win32_1.4.0.202007081208/tools/bin/../lib/gcc/arm-none-eabi/7.3.1/thumb/v7-m\libgcc.a(_arm_truncdfsf2.o)
 .debug_frame   0x0000000000003e58       0x4c c:/st/stm32cubeide_1.4.0/stm32cubeide/plugins/com.st.stm32cube.ide.mcu.externaltools.gnu-tools-for-stm32.7-2018-q2-update.win32_1.4.0.202007081208/tools/bin/../lib/gcc/arm-none-eabi/7.3.1/thumb/v7-m\libgcc.a(_arm_addsubsf3.o)
 .debug_frame   0x0000000000003ea4       0x38 c:/st/stm32cubeide_1.4.0/stm32cubeide/plugins/com.st.stm32cube.ide.mcu.externaltools.gnu-tools-for-stm32.7-2018-q2-update.win32_1.4.0.202007081208/tools/bin/../lib/gcc/arm-none-eabi/7.3.1/thumb/v7-m\libgcc.a(_arm_muldivsf3.o)
 .debug_frame   0x0000000000003edc       0xc8 c:/st/stm32cubeide_1.4.0/stm32cubeide/plugins/com.st.stm32cube.ide.mcu.externaltools.gnu-tools-for-stm32.7-2018-q2-update.win32_1.4.0.202007081208/tools/bin/../lib/gcc/arm-none-eabi/7.3.1/thumb/v7-m\libgcc.a(_arm_cmpsf2.o)
 .debug_frame   0x0000000000003fa4       0x30 c:/st/stm32cubeide_1.4.0/stm32cubeide/plugins/com.st.stm32cube.ide.mcu.externaltools.gnu-tools-for-stm32.7-2018-q2-update.win32_1.4.0.202007081208/tools/bin/../lib/gcc/arm-none-eabi/7.3.1/thumb/v7-m\libgcc.a(_fixsfdi.o)
 .debug_frame   0x0000000000003fd4       0x2c c:/st/stm32cubeide_1.4.0/stm32cubeide/plugins/com.st.stm32cube.ide.mcu.externaltools.gnu-tools-for-stm32.7-2018-q2-update.win32_1.4.0.202007081208/tools/bin/../lib/gcc/arm-none-eabi/7.3.1/thumb/v7-m\libgcc.a(_fixunssfdi.o)
 .debug_frame   0x0000000000004000       0x24 c:/st/stm32cubeide_1.4.0/stm32cubeide/plugins/com.st.stm32cube.ide.mcu.externaltools.gnu-tools-for-stm32.7-2018-q2-update.win32_1.4.0.202007081208/tools/bin/../lib/gcc/arm-none-eabi/7.3.1/thumb/v7-m\libgcc.a(_arm_fixunsdfsi.o)